[launch] 2026-08-24T03:30:10+02:00 CUDA_VISIBLE_DEVICES=0,1
/home/yifeiliu/venv/lib/python3.12/site-packages/timm/models/layers/__init__.py:49: FutureWarning: Importing from timm.models.layers is deprecated, please import via timm.layers
  warnings.warn(f"Importing from {__name__} is deprecated, please import via timm.layers", FutureWarning)
/home/yifeiliu/server_21_window_mlp_fullbatch/pdetransformer/data/pbdl_dataloader/dataset.py:6: UserWarning: pkg_resources is deprecated as an API. See https://setuptools.pypa.io/en/latest/pkg_resources.html. The pkg_resources package is slated for removal as early as 2025-11-30. Refrain from using this package or pin to Setuptools<81.
  import pkg_resources
[93m[1mWarning:[22m ./datasets/ is not a valid directory. No local datasets will be available.[0m
Seed set to 42
[data] validated files and disjoint simulation splits
[data] diff: file=60 train_source=50 test=10
[data] hyp: file=60 train_source=50 test=10
[data] burgers: file=60 train_source=50 test=10
[data] kdv: file=60 train_source=50 test=10
[data] ks: train_file=60 test_file=5
[data] fisher: file=60 train_source=50 test=10
[data] gs_alpha: train_file=10 test_file=3
[data] gs_beta: train_file=10 test_file=3
[data] gs_gamma: train_file=10 test_file=3
[data] gs_delta: file=100 train_source=80 test=20
[data] gs_epsilon: train_file=10 test_file=3
[data] gs_theta: file=100 train_source=80 test=20
[data] gs_iota: file=100 train_source=80 test=20
[data] gs_kappa: file=100 train_source=80 test=20
[data] sh: file=60 train_source=50 test=10
[data] decay_turb: train_file=60 test_file=5
[data] kolm_flow: train_file=60 test_file=5
GPU available: True (cuda), used: True
TPU available: False, using: 0 TPU cores
💡 Tip: For seamless cloud logging and experiment tracking, try installing [litlogger](https://pypi.org/project/litlogger/) to enable LitLogger, which logs metrics and artifacts automatically to the Lightning Experiments platform.
data_dir: ~/working/datasets
run_root: ~/working/runs_window_fullbatch_mlp_ttt
run_name: pdes_window-fullbatch-mlp-ttt_128_60sims_100ep
model_type: PDE-S
in_channels: 2
out_channels: 2
patch_size: 4
periodic: true
carrier_token_active: false
token_mixer_type: window_fullbatch_mlp_ttt
vittt_inner_lr: 1.0
vittt_head_dim: 32
learning_rate: 4.0e-05
max_epochs: 100
batch_size: 8
num_workers: 2
devices: 2
strategy: ddp
precision: 32-true
accumulate_grad_batches: 8
seed: 42
downsample_factor: 2
sample_size: 128
train_unrolling_steps: 1
test_unrolling_steps: 29
max_channels: 2
auto_resume: true
dataset_profile: legacy_small
init_checkpoint: null
use_ema: false
ema_decay: 0.999
ema_update_every_n_steps: 1
ema_validate: true
ema_dual_validation: false

parameters: 34,553,504
effective_global_batch: 128
resume_checkpoint: None
init_checkpoint: None
validation_weights: raw
Initializing distributed: GLOBAL_RANK: 0, MEMBER: 1/2
/home/yifeiliu/venv/lib/python3.12/site-packages/timm/models/layers/__init__.py:49: FutureWarning: Importing from timm.models.layers is deprecated, please import via timm.layers
  warnings.warn(f"Importing from {__name__} is deprecated, please import via timm.layers", FutureWarning)
/home/yifeiliu/server_21_window_mlp_fullbatch/pdetransformer/data/pbdl_dataloader/dataset.py:6: UserWarning: pkg_resources is deprecated as an API. See https://setuptools.pypa.io/en/latest/pkg_resources.html. The pkg_resources package is slated for removal as early as 2025-11-30. Refrain from using this package or pin to Setuptools<81.
  import pkg_resources
[93m[1mWarning:[22m ./datasets/ is not a valid directory. No local datasets will be available.[0m
[rank: 1] Seed set to 42
[data] validated files and disjoint simulation splits
[data] diff: file=60 train_source=50 test=10
[data] hyp: file=60 train_source=50 test=10
[data] burgers: file=60 train_source=50 test=10
[data] kdv: file=60 train_source=50 test=10
[data] ks: train_file=60 test_file=5
[data] fisher: file=60 train_source=50 test=10
[data] gs_alpha: train_file=10 test_file=3
[data] gs_beta: train_file=10 test_file=3
[data] gs_gamma: train_file=10 test_file=3
[data] gs_delta: file=100 train_source=80 test=20
[data] gs_epsilon: train_file=10 test_file=3
[data] gs_theta: file=100 train_source=80 test=20
[data] gs_iota: file=100 train_source=80 test=20
[data] gs_kappa: file=100 train_source=80 test=20
[data] sh: file=60 train_source=50 test=10
[data] decay_turb: train_file=60 test_file=5
[data] kolm_flow: train_file=60 test_file=5
data_dir: ~/working/datasets
run_root: ~/working/runs_window_fullbatch_mlp_ttt
run_name: pdes_window-fullbatch-mlp-ttt_128_60sims_100ep
model_type: PDE-S
in_channels: 2
out_channels: 2
patch_size: 4
periodic: true
carrier_token_active: false
token_mixer_type: window_fullbatch_mlp_ttt
vittt_inner_lr: 1.0
vittt_head_dim: 32
learning_rate: 4.0e-05
max_epochs: 100
batch_size: 8
num_workers: 2
devices: 2
strategy: ddp
precision: 32-true
accumulate_grad_batches: 8
seed: 42
downsample_factor: 2
sample_size: 128
train_unrolling_steps: 1
test_unrolling_steps: 29
max_channels: 2
auto_resume: true
dataset_profile: legacy_small
init_checkpoint: null
use_ema: false
ema_decay: 0.999
ema_update_every_n_steps: 1
ema_validate: true
ema_dual_validation: false

parameters: 34,553,504
effective_global_batch: 128
resume_checkpoint: None
init_checkpoint: None
validation_weights: raw
Initializing distributed: GLOBAL_RANK: 1, MEMBER: 2/2
----------------------------------------------------------------------------------------------------
distributed_backend=nccl
All distributed processes registered. Starting with 2 processes
----------------------------------------------------------------------------------------------------

[96m[1mSuccess:[22m Loaded diff with 60 simulations (50 selected) and 29 samples each.[0m
[96m[1mSuccess:[22m Loaded diff with 60 simulations (50 selected) and 29 samples each.[0m
[96m[1mSuccess:[22m Loaded diff with 60 simulations (10 selected) and 1 samples each.[0m
[96m[1mSuccess:[22m Loaded diff with 60 simulations (10 selected) and 1 samples each.[0m
[96m[1mSuccess:[22m Loaded hyp with 60 simulations (50 selected) and 29 samples each.[0m
[96m[1mSuccess:[22m Loaded hyp with 60 simulations (50 selected) and 29 samples each.[0m
[96m[1mSuccess:[22m Loaded hyp with 60 simulations (10 selected) and 1 samples each.[0m
[96m[1mSuccess:[22m Loaded hyp with 60 simulations (10 selected) and 1 samples each.[0m
[96m[1mSuccess:[22m Loaded burgers with 60 simulations (50 selected) and 29 samples each.[0m
[96m[1mSuccess:[22m Loaded burgers with 60 simulations (50 selected) and 29 samples each.[0m
[96m[1mSuccess:[22m Loaded burgers with 60 simulations (10 selected) and 1 samples each.[0m
[96m[1mSuccess:[22m Loaded burgers with 60 simulations (10 selected) and 1 samples each.[0m
[96m[1mSuccess:[22m Loaded kdv with 60 simulations (50 selected) and 29 samples each.[0m
[96m[1mSuccess:[22m Loaded kdv with 60 simulations (50 selected) and 29 samples each.[0m
[96m[1mSuccess:[22m Loaded kdv with 60 simulations (10 selected) and 1 samples each.[0m
[96m[1mSuccess:[22m Loaded kdv with 60 simulations (10 selected) and 1 samples each.[0m
[96m[1mSuccess:[22m Loaded ks with 60 simulations and 29 samples each.[0m
[96m[1mSuccess:[22m Loaded ks with 60 simulations and 29 samples each.[0m
[96m[1mSuccess:[22m Loaded ks_test with 5 simulations and 1 samples each.[0m
[96m[1mSuccess:[22m Loaded ks_test with 5 simulations and 1 samples each.[0m
[96m[1mSuccess:[22m Loaded fisher with 60 simulations (50 selected) and 29 samples each.[0m
[96m[1mSuccess:[22m Loaded fisher with 60 simulations (50 selected) and 29 samples each.[0m
[96m[1mSuccess:[22m Loaded fisher with 60 simulations (10 selected) and 1 samples each.[0m
[96m[1mSuccess:[22m Loaded fisher with 60 simulations (10 selected) and 1 samples each.[0m
[96m[1mSuccess:[22m Loaded gs_alpha with 10 simulations and 29 samples each.[0m
[96m[1mSuccess:[22m Loaded gs_alpha with 10 simulations and 29 samples each.[0m
[96m[1mSuccess:[22m Loaded gs_alpha_test with 3 simulations and 1 samples each.[0m
[96m[1mSuccess:[22m Loaded gs_alpha_test with 3 simulations and 1 samples each.[0m
[96m[1mSuccess:[22m Loaded gs_beta with 10 simulations and 29 samples each.[0m
[96m[1mSuccess:[22m Loaded gs_beta with 10 simulations and 29 samples each.[0m
[96m[1mSuccess:[22m Loaded gs_beta_test with 3 simulations and 1 samples each.[0m
[96m[1mSuccess:[22m Loaded gs_beta_test with 3 simulations and 1 samples each.[0m
[96m[1mSuccess:[22m Loaded gs_gamma with 10 simulations and 29 samples each.[0m
[96m[1mSuccess:[22m Loaded gs_gamma with 10 simulations and 29 samples each.[0m
[96m[1mSuccess:[22m Loaded gs_gamma_test with 3 simulations and 1 samples each.[0m
[96m[1mSuccess:[22m Loaded gs_gamma_test with 3 simulations and 1 samples each.[0m
[96m[1mSuccess:[22m Loaded gs_delta with 100 simulations (80 selected) and 29 samples each.[0m
[96m[1mSuccess:[22m Loaded gs_delta with 100 simulations (80 selected) and 29 samples each.[0m
[96m[1mSuccess:[22m Loaded gs_delta with 100 simulations (20 selected) and 1 samples each.[0m
[96m[1mSuccess:[22m Loaded gs_delta with 100 simulations (20 selected) and 1 samples each.[0m
[96m[1mSuccess:[22m Loaded gs_epsilon with 10 simulations and 29 samples each.[0m
[96m[1mSuccess:[22m Loaded gs_epsilon with 10 simulations and 29 samples each.[0m
[96m[1mSuccess:[22m Loaded gs_epsilon_test with 3 simulations and 1 samples each.[0m
[96m[1mSuccess:[22m Loaded gs_epsilon_test with 3 simulations and 1 samples each.[0m
[96m[1mSuccess:[22m Loaded gs_theta with 100 simulations (80 selected) and 29 samples each.[0m
[96m[1mSuccess:[22m Loaded gs_theta with 100 simulations (80 selected) and 29 samples each.[0m
[96m[1mSuccess:[22m Loaded gs_theta with 100 simulations (20 selected) and 1 samples each.[0m
[96m[1mSuccess:[22m Loaded gs_theta with 100 simulations (20 selected) and 1 samples each.[0m
[96m[1mSuccess:[22m Loaded gs_iota with 100 simulations (80 selected) and 29 samples each.[0m
[96m[1mSuccess:[22m Loaded gs_iota with 100 simulations (80 selected) and 29 samples each.[0m
[96m[1mSuccess:[22m Loaded gs_iota with 100 simulations (20 selected) and 1 samples each.[0m
[96m[1mSuccess:[22m Loaded gs_iota with 100 simulations (20 selected) and 1 samples each.[0m
[96m[1mSuccess:[22m Loaded gs_kappa with 100 simulations (80 selected) and 29 samples each.[0m
[96m[1mSuccess:[22m Loaded gs_kappa with 100 simulations (80 selected) and 29 samples each.[0m
[96m[1mSuccess:[22m Loaded gs_kappa with 100 simulations (20 selected) and 1 samples each.[0m
[96m[1mSuccess:[22m Loaded gs_kappa with 100 simulations (20 selected) and 1 samples each.[0m
[96m[1mSuccess:[22m Loaded sh with 60 simulations (50 selected) and 29 samples each.[0m
[96m[1mSuccess:[22m Loaded sh with 60 simulations (50 selected) and 29 samples each.[0m
[96m[1mSuccess:[22m Loaded sh with 60 simulations (10 selected) and 1 samples each.[0m
[96m[1mSuccess:[22m Loaded sh with 60 simulations (10 selected) and 1 samples each.[0m
[96m[1mSuccess:[22m Loaded decay_turb with 60 simulations and 29 samples each.[0m
[96m[1mSuccess:[22m Loaded decay_turb with 60 simulations and 29 samples each.[0m
[96m[1mSuccess:[22m Loaded decay_turb_test with 5 simulations and 1 samples each.[0m
[96m[1mSuccess:[22m Loaded decay_turb_test with 5 simulations and 1 samples each.[0m
[96m[1mSuccess:[22m Loaded kolm_flow with 60 simulations and 29 samples each.[0m
[96m[1mSuccess:[22m Loaded kolm_flow with 60 simulations and 29 samples each.[0m
[96m[1mSuccess:[22m Loaded kolm_flow_test with 5 simulations and 1 samples each.[0m
[96m[1mSuccess:[22m Loaded kolm_flow_test with 5 simulations and 1 samples each.[0m
LOCAL_RANK: 0 - CUDA_VISIBLE_DEVICES: [0,1]
LOCAL_RANK: 1 - CUDA_VISIBLE_DEVICES: [0,1]
┏━━━┳━━━━━━━┳━━━━━━━━━━━━━━━━┳━━━━━━━━┳━━━━━━━┳━━━━━━━┓
┃   ┃ Name  ┃ Type           ┃ Params ┃ Mode  ┃ FLOPs ┃
┡━━━╇━━━━━━━╇━━━━━━━━━━━━━━━━╇━━━━━━━━╇━━━━━━━╇━━━━━━━┩
│ 0 │ model │ PDETransformer │ 34.6 M │ train │     0 │
└───┴───────┴────────────────┴────────┴───────┴───────┘
Trainable params: 34.6 M                                                        
Non-trainable params: 0                                                         
Total params: 34.6 M                                                            
Total estimated model params size (MB): 138                                     
Modules in train mode: 390                                                      
Modules in eval mode: 0                                                         
Total FLOPs: 0                                                                  
/home/yifeiliu/venv/lib/python3.12/site-packages/lightning/pytorch/utilities/data.py:79: Trying to infer the `batch_size` from an ambiguous collection. The batch size we found is 8. To avoid any miscalculations, use `self.log(..., batch_size=batch_size)`.
/home/yifeiliu/venv/lib/python3.12/site-packages/lightning/pytorch/utilities/data.py:79: Trying to infer the `batch_size` from an ambiguous collection. The batch size we found is 2. To avoid any miscalculations, use `self.log(..., batch_size=batch_size)`.
/home/yifeiliu/venv/lib/python3.12/site-packages/lightning/pytorch/utilities/data.py:79: Trying to infer the `batch_size` from an ambiguous collection. The batch size we found is 1. To avoid any miscalculations, use `self.log(..., batch_size=batch_size)`.
[val] epoch=1 loss=0.148825[val] epoch=1 loss=0.148825

[train] epoch=1/100 step=81 elapsed=2.6min loss=0.314535[train] epoch=1/100 step=81 elapsed=2.6min loss=0.314535

[val] epoch=2 loss=0.0736883[val] epoch=2 loss=0.0736883

[train] epoch=2/100 step=162 elapsed=2.6min loss=0.0983751[train] epoch=2/100 step=162 elapsed=2.6min loss=0.0983751

[val] epoch=3 loss=0.0540634[val] epoch=3 loss=0.0540634

[train] epoch=3/100 step=243 elapsed=2.6min loss=0.0630778[train] epoch=3/100 step=243 elapsed=2.6min loss=0.0630778

[val] epoch=4 loss=0.0447265[val] epoch=4 loss=0.0447265

[train] epoch=4/100 step=324 elapsed=2.6min loss=0.0495913[train] epoch=4/100 step=324 elapsed=2.6min loss=0.0495913

[val] epoch=5 loss=0.0402358[val] epoch=5 loss=0.0402358

[train] epoch=5/100 step=405 elapsed=2.6min loss=0.0422246[train] epoch=5/100 step=405 elapsed=2.6min loss=0.0422246

[val] epoch=6 loss=0.0368548
[val] epoch=6 loss=0.0368548
[train] epoch=6/100 step=486 elapsed=2.6min loss=0.0385435[train] epoch=6/100 step=486 elapsed=2.6min loss=0.0385435

[val] epoch=7 loss=0.034416[val] epoch=7 loss=0.034416

[train] epoch=7/100 step=567 elapsed=2.6min loss=0.0353168[train] epoch=7/100 step=567 elapsed=2.6min loss=0.0353168

[val] epoch=8 loss=0.0335204[val] epoch=8 loss=0.0335204

[train] epoch=8/100 step=648 elapsed=2.6min loss=0.0336781[train] epoch=8/100 step=648 elapsed=2.6min loss=0.0336781

[val] epoch=9 loss=0.0310821[val] epoch=9 loss=0.0310821

[train] epoch=9/100 step=729 elapsed=2.6min loss=0.0325847[train] epoch=9/100 step=729 elapsed=2.6min loss=0.0325847

[val] epoch=10 loss=0.029552[val] epoch=10 loss=0.029552

[train] epoch=10/100 step=810 elapsed=2.6min loss=0.0303082[train] epoch=10/100 step=810 elapsed=2.6min loss=0.0303082

[val] epoch=11 loss=0.0291021[val] epoch=11 loss=0.0291021

[train] epoch=11/100 step=891 elapsed=2.6min loss=0.0289315[train] epoch=11/100 step=891 elapsed=2.6min loss=0.0289315

[val] epoch=12 loss=0.0274464[val] epoch=12 loss=0.0274464

[train] epoch=12/100 step=972 elapsed=2.6min loss=0.0282604[train] epoch=12/100 step=972 elapsed=2.6min loss=0.0282604

[val] epoch=13 loss=0.0259988[val] epoch=13 loss=0.0259988

[train] epoch=13/100 step=1053 elapsed=2.6min loss=0.0260483[train] epoch=13/100 step=1053 elapsed=2.6min loss=0.0260483

[val] epoch=14 loss=0.0251292[val] epoch=14 loss=0.0251292

[train] epoch=14/100 step=1134 elapsed=2.6min loss=0.0258252[train] epoch=14/100 step=1134 elapsed=2.6min loss=0.0258252

[val] epoch=15 loss=0.0273219[val] epoch=15 loss=0.0273219

[train] epoch=15/100 step=1215 elapsed=2.6min loss=0.0266424[train] epoch=15/100 step=1215 elapsed=2.6min loss=0.0266424

[val] epoch=16 loss=0.0235926[val] epoch=16 loss=0.0235926

[train] epoch=16/100 step=1296 elapsed=2.6min loss=0.0243207[train] epoch=16/100 step=1296 elapsed=2.6min loss=0.0243207

[val] epoch=17 loss=0.0228944[val] epoch=17 loss=0.0228944

[train] epoch=17/100 step=1377 elapsed=2.6min loss=0.02312[train] epoch=17/100 step=1377 elapsed=2.6min loss=0.02312

[val] epoch=18 loss=0.0231976[val] epoch=18 loss=0.0231976

[train] epoch=18/100 step=1458 elapsed=2.6min loss=0.0224303
[train] epoch=18/100 step=1458 elapsed=2.6min loss=0.0224303
[val] epoch=19 loss=0.0213953[val] epoch=19 loss=0.0213953

[train] epoch=19/100 step=1539 elapsed=2.6min loss=0.0212912[train] epoch=19/100 step=1539 elapsed=2.6min loss=0.0212912

[val] epoch=20 loss=0.0208427[val] epoch=20 loss=0.0208427

[train] epoch=20/100 step=1620 elapsed=2.6min loss=0.020946[train] epoch=20/100 step=1620 elapsed=2.6min loss=0.020946

[val] epoch=21 loss=0.020921[val] epoch=21 loss=0.020921

[train] epoch=21/100 step=1701 elapsed=2.6min loss=0.020149[train] epoch=21/100 step=1701 elapsed=2.6min loss=0.020149

[val] epoch=22 loss=0.0202523[val] epoch=22 loss=0.0202523

[train] epoch=22/100 step=1782 elapsed=2.6min loss=0.0198835[train] epoch=22/100 step=1782 elapsed=2.6min loss=0.0198835

[val] epoch=23 loss=0.0191672[val] epoch=23 loss=0.0191672

[train] epoch=23/100 step=1863 elapsed=2.6min loss=0.0195222[train] epoch=23/100 step=1863 elapsed=2.6min loss=0.0195222

[val] epoch=24 loss=0.019413[val] epoch=24 loss=0.019413

[train] epoch=24/100 step=1944 elapsed=2.6min loss=0.0191106
[train] epoch=24/100 step=1944 elapsed=2.6min loss=0.0191106
[val] epoch=25 loss=0.0187096[val] epoch=25 loss=0.0187096

[train] epoch=25/100 step=2025 elapsed=2.6min loss=0.0178538[train] epoch=25/100 step=2025 elapsed=2.6min loss=0.0178538

[val] epoch=26 loss=0.0178235[val] epoch=26 loss=0.0178235

[train] epoch=26/100 step=2106 elapsed=2.6min loss=0.017643[train] epoch=26/100 step=2106 elapsed=2.6min loss=0.017643

[val] epoch=27 loss=0.018012[val] epoch=27 loss=0.018012

[train] epoch=27/100 step=2187 elapsed=2.6min loss=0.0170869[train] epoch=27/100 step=2187 elapsed=2.6min loss=0.0170869

[val] epoch=28 loss=0.0170469[val] epoch=28 loss=0.0170469

[train] epoch=28/100 step=2268 elapsed=2.6min loss=0.0163201[train] epoch=28/100 step=2268 elapsed=2.6min loss=0.0163201

[val] epoch=29 loss=0.017193[val] epoch=29 loss=0.017193

[train] epoch=29/100 step=2349 elapsed=2.6min loss=0.0196037[train] epoch=29/100 step=2349 elapsed=2.6min loss=0.0196037

[val] epoch=30 loss=0.0164066[val] epoch=30 loss=0.0164066

[train] epoch=30/100 step=2430 elapsed=2.6min loss=0.0164445[train] epoch=30/100 step=2430 elapsed=2.6min loss=0.0164445

[val] epoch=31 loss=0.0168211[val] epoch=31 loss=0.0168211

[train] epoch=31/100 step=2511 elapsed=2.6min loss=0.0158882[train] epoch=31/100 step=2511 elapsed=2.6min loss=0.0158882

[val] epoch=32 loss=0.0166196[val] epoch=32 loss=0.0166196

[train] epoch=32/100 step=2592 elapsed=2.6min loss=0.0156134[train] epoch=32/100 step=2592 elapsed=2.6min loss=0.0156134

[val] epoch=33 loss=0.0161275[val] epoch=33 loss=0.0161275

[train] epoch=33/100 step=2673 elapsed=2.6min loss=0.0149475
[train] epoch=33/100 step=2673 elapsed=2.6min loss=0.0149475
[val] epoch=34 loss=0.0150795[val] epoch=34 loss=0.0150795

[train] epoch=34/100 step=2754 elapsed=2.6min loss=0.0149919[train] epoch=34/100 step=2754 elapsed=2.6min loss=0.0149919

[val] epoch=35 loss=0.0147882[val] epoch=35 loss=0.0147882

[train] epoch=35/100 step=2835 elapsed=2.6min loss=0.014388[train] epoch=35/100 step=2835 elapsed=2.6min loss=0.014388

[val] epoch=36 loss=0.0152041[val] epoch=36 loss=0.0152041

[train] epoch=36/100 step=2916 elapsed=2.6min loss=0.0144718
[train] epoch=36/100 step=2916 elapsed=2.6min loss=0.0144718
[val] epoch=37 loss=0.014265[val] epoch=37 loss=0.014265

[train] epoch=37/100 step=2997 elapsed=2.6min loss=0.0138774[train] epoch=37/100 step=2997 elapsed=2.6min loss=0.0138774

[val] epoch=38 loss=0.014168
[val] epoch=38 loss=0.014168
[train] epoch=38/100 step=3078 elapsed=2.6min loss=0.0136641[train] epoch=38/100 step=3078 elapsed=2.6min loss=0.0136641

[val] epoch=39 loss=0.0141459[val] epoch=39 loss=0.0141459

[train] epoch=39/100 step=3159 elapsed=2.6min loss=0.0130708[train] epoch=39/100 step=3159 elapsed=2.6min loss=0.0130708

[val] epoch=40 loss=0.0141047[val] epoch=40 loss=0.0141047

[train] epoch=40/100 step=3240 elapsed=2.6min loss=0.0133997[train] epoch=40/100 step=3240 elapsed=2.6min loss=0.0133997

[val] epoch=41 loss=0.0145242[val] epoch=41 loss=0.0145242

[train] epoch=41/100 step=3321 elapsed=2.6min loss=0.0133552[train] epoch=41/100 step=3321 elapsed=2.6min loss=0.0133552

[val] epoch=42 loss=0.0135196[val] epoch=42 loss=0.0135196

[train] epoch=42/100 step=3402 elapsed=2.6min loss=0.0127947[train] epoch=42/100 step=3402 elapsed=2.6min loss=0.0127947

[val] epoch=43 loss=0.0150111[val] epoch=43 loss=0.0150111

[train] epoch=43/100 step=3483 elapsed=2.6min loss=0.0138472[train] epoch=43/100 step=3483 elapsed=2.6min loss=0.0138472

[val] epoch=44 loss=0.0135721[val] epoch=44 loss=0.0135721

[train] epoch=44/100 step=3564 elapsed=2.6min loss=0.0130222[train] epoch=44/100 step=3564 elapsed=2.6min loss=0.0130222

[val] epoch=45 loss=0.013419[val] epoch=45 loss=0.013419

[train] epoch=45/100 step=3645 elapsed=2.6min loss=0.0122124[train] epoch=45/100 step=3645 elapsed=2.6min loss=0.0122124

[val] epoch=46 loss=0.0128354[val] epoch=46 loss=0.0128354

[train] epoch=46/100 step=3726 elapsed=2.6min loss=0.0119491[train] epoch=46/100 step=3726 elapsed=2.6min loss=0.0119491

[val] epoch=47 loss=0.0625905[val] epoch=47 loss=0.0625905

[train] epoch=47/100 step=3807 elapsed=2.6min loss=0.0186505
[train] epoch=47/100 step=3807 elapsed=2.6min loss=0.0186505
[val] epoch=48 loss=0.0185194[val] epoch=48 loss=0.0185194

[train] epoch=48/100 step=3888 elapsed=2.6min loss=0.0258027[train] epoch=48/100 step=3888 elapsed=2.6min loss=0.0258027

[val] epoch=49 loss=0.0150431[val] epoch=49 loss=0.0150431

[train] epoch=49/100 step=3969 elapsed=2.6min loss=0.0157637[train] epoch=49/100 step=3969 elapsed=2.6min loss=0.0157637

[val] epoch=50 loss=0.0141288[val] epoch=50 loss=0.0141288

[train] epoch=50/100 step=4050 elapsed=2.6min loss=0.0139996[train] epoch=50/100 step=4050 elapsed=2.6min loss=0.0139996

[val] epoch=51 loss=0.0136352[val] epoch=51 loss=0.0136352

[train] epoch=51/100 step=4131 elapsed=2.6min loss=0.0132253[train] epoch=51/100 step=4131 elapsed=2.6min loss=0.0132253

[val] epoch=52 loss=0.0133654[val] epoch=52 loss=0.0133654

[train] epoch=52/100 step=4212 elapsed=2.6min loss=0.012834[train] epoch=52/100 step=4212 elapsed=2.6min loss=0.012834

[val] epoch=53 loss=0.013147[val] epoch=53 loss=0.013147

[train] epoch=53/100 step=4293 elapsed=2.6min loss=0.0123792[train] epoch=53/100 step=4293 elapsed=2.6min loss=0.0123792

[val] epoch=54 loss=0.0126475[val] epoch=54 loss=0.0126475

[train] epoch=54/100 step=4374 elapsed=2.6min loss=0.0118346[train] epoch=54/100 step=4374 elapsed=2.6min loss=0.0118346

[val] epoch=55 loss=0.0124009[val] epoch=55 loss=0.0124009

[train] epoch=55/100 step=4455 elapsed=2.6min loss=0.0117254[train] epoch=55/100 step=4455 elapsed=2.6min loss=0.0117254

[val] epoch=56 loss=0.0123378[val] epoch=56 loss=0.0123378

[train] epoch=56/100 step=4536 elapsed=2.6min loss=0.0117419[train] epoch=56/100 step=4536 elapsed=2.6min loss=0.0117419

[val] epoch=57 loss=0.0120874[val] epoch=57 loss=0.0120874

[train] epoch=57/100 step=4617 elapsed=2.6min loss=0.0112211[train] epoch=57/100 step=4617 elapsed=2.6min loss=0.0112211

[val] epoch=58 loss=0.0119252[val] epoch=58 loss=0.0119252

[train] epoch=58/100 step=4698 elapsed=2.6min loss=0.0111852[train] epoch=58/100 step=4698 elapsed=2.6min loss=0.0111852

[val] epoch=59 loss=0.0118961[val] epoch=59 loss=0.0118961

[train] epoch=59/100 step=4779 elapsed=2.6min loss=0.0108757[train] epoch=59/100 step=4779 elapsed=2.6min loss=0.0108757

[val] epoch=60 loss=0.0119326[val] epoch=60 loss=0.0119326

[train] epoch=60/100 step=4860 elapsed=2.6min loss=0.0112553[train] epoch=60/100 step=4860 elapsed=2.6min loss=0.0112553

[val] epoch=61 loss=0.0116366[val] epoch=61 loss=0.0116366

[train] epoch=61/100 step=4941 elapsed=2.6min loss=0.0107245[train] epoch=61/100 step=4941 elapsed=2.6min loss=0.0107245

[val] epoch=62 loss=0.0113955[val] epoch=62 loss=0.0113955

[train] epoch=62/100 step=5022 elapsed=2.6min loss=0.0108938[train] epoch=62/100 step=5022 elapsed=2.6min loss=0.0108938

[val] epoch=63 loss=0.0112586[val] epoch=63 loss=0.0112586

[train] epoch=63/100 step=5103 elapsed=2.6min loss=0.0106433[train] epoch=63/100 step=5103 elapsed=2.6min loss=0.0106433

[val] epoch=64 loss=0.0112321[val] epoch=64 loss=0.0112321

[train] epoch=64/100 step=5184 elapsed=2.6min loss=0.0105555[train] epoch=64/100 step=5184 elapsed=2.6min loss=0.0105555

[val] epoch=65 loss=0.0109377[val] epoch=65 loss=0.0109377

[train] epoch=65/100 step=5265 elapsed=2.6min loss=0.0106247[train] epoch=65/100 step=5265 elapsed=2.6min loss=0.0106247

[val] epoch=66 loss=0.0117297[val] epoch=66 loss=0.0117297

[train] epoch=66/100 step=5346 elapsed=2.6min loss=0.0101876[train] epoch=66/100 step=5346 elapsed=2.6min loss=0.0101876

[val] epoch=67 loss=0.0107717[val] epoch=67 loss=0.0107717

[train] epoch=67/100 step=5427 elapsed=2.6min loss=0.00992496[train] epoch=67/100 step=5427 elapsed=2.6min loss=0.00992496

[val] epoch=68 loss=0.0114452[val] epoch=68 loss=0.0114452

[train] epoch=68/100 step=5508 elapsed=2.6min loss=0.00979921[train] epoch=68/100 step=5508 elapsed=2.6min loss=0.00979921

[val] epoch=69 loss=0.0108488[val] epoch=69 loss=0.0108488

[train] epoch=69/100 step=5589 elapsed=2.6min loss=0.0100574[train] epoch=69/100 step=5589 elapsed=2.6min loss=0.0100574

[val] epoch=70 loss=0.011121[val] epoch=70 loss=0.011121

[train] epoch=70/100 step=5670 elapsed=2.6min loss=0.0097755[train] epoch=70/100 step=5670 elapsed=2.6min loss=0.0097755

[val] epoch=71 loss=0.0109797[val] epoch=71 loss=0.0109797

[train] epoch=71/100 step=5751 elapsed=2.6min loss=0.00968365[train] epoch=71/100 step=5751 elapsed=2.6min loss=0.00968365

[val] epoch=72 loss=0.0108121[val] epoch=72 loss=0.0108121

[train] epoch=72/100 step=5832 elapsed=2.6min loss=0.00925236[train] epoch=72/100 step=5832 elapsed=2.6min loss=0.00925236

[val] epoch=73 loss=0.0103324[val] epoch=73 loss=0.0103324

[train] epoch=73/100 step=5913 elapsed=2.6min loss=0.00962236[train] epoch=73/100 step=5913 elapsed=2.6min loss=0.00962236

[val] epoch=74 loss=0.0107098[val] epoch=74 loss=0.0107098

[train] epoch=74/100 step=5994 elapsed=2.6min loss=0.0100602[train] epoch=74/100 step=5994 elapsed=2.6min loss=0.0100602

[val] epoch=75 loss=0.0106377[val] epoch=75 loss=0.0106377

[train] epoch=75/100 step=6075 elapsed=2.6min loss=0.0094571[train] epoch=75/100 step=6075 elapsed=2.6min loss=0.0094571

[val] epoch=76 loss=0.0114947[val] epoch=76 loss=0.0114947

[train] epoch=76/100 step=6156 elapsed=2.6min loss=0.00924761
[train] epoch=76/100 step=6156 elapsed=2.6min loss=0.00924761
[val] epoch=77 loss=0.0106536[val] epoch=77 loss=0.0106536

[train] epoch=77/100 step=6237 elapsed=2.6min loss=0.0095783[train] epoch=77/100 step=6237 elapsed=2.6min loss=0.0095783

[val] epoch=78 loss=0.00992193[val] epoch=78 loss=0.00992193

[train] epoch=78/100 step=6318 elapsed=2.6min loss=0.0092833[train] epoch=78/100 step=6318 elapsed=2.6min loss=0.0092833

[val] epoch=79 loss=0.00991075[val] epoch=79 loss=0.00991075

[train] epoch=79/100 step=6399 elapsed=2.6min loss=0.00868275[train] epoch=79/100 step=6399 elapsed=2.6min loss=0.00868275

[val] epoch=80 loss=0.00977373[val] epoch=80 loss=0.00977373

[train] epoch=80/100 step=6480 elapsed=2.6min loss=0.00852803[train] epoch=80/100 step=6480 elapsed=2.6min loss=0.00852803

[val] epoch=81 loss=0.00992357[val] epoch=81 loss=0.00992357

[train] epoch=81/100 step=6561 elapsed=2.6min loss=0.00901694[train] epoch=81/100 step=6561 elapsed=2.6min loss=0.00901694

[val] epoch=82 loss=0.00990008[val] epoch=82 loss=0.00990008

[train] epoch=82/100 step=6642 elapsed=2.6min loss=0.00843775[train] epoch=82/100 step=6642 elapsed=2.6min loss=0.00843775

[val] epoch=83 loss=0.00952625[val] epoch=83 loss=0.00952625

[train] epoch=83/100 step=6723 elapsed=2.6min loss=0.00872703[train] epoch=83/100 step=6723 elapsed=2.6min loss=0.00872703

[val] epoch=84 loss=0.00935365[val] epoch=84 loss=0.00935365

[train] epoch=84/100 step=6804 elapsed=2.6min loss=0.00828579[train] epoch=84/100 step=6804 elapsed=2.6min loss=0.00828579

[val] epoch=85 loss=0.00964421[val] epoch=85 loss=0.00964421

[train] epoch=85/100 step=6885 elapsed=2.6min loss=0.00863035[train] epoch=85/100 step=6885 elapsed=2.6min loss=0.00863035

[val] epoch=86 loss=0.00947312[val] epoch=86 loss=0.00947312

[train] epoch=86/100 step=6966 elapsed=2.6min loss=0.00830692[train] epoch=86/100 step=6966 elapsed=2.6min loss=0.00830692

[val] epoch=87 loss=0.0105011[val] epoch=87 loss=0.0105011

[train] epoch=87/100 step=7047 elapsed=2.6min loss=0.00850067[train] epoch=87/100 step=7047 elapsed=2.6min loss=0.00850067

[val] epoch=88 loss=0.00939868[val] epoch=88 loss=0.00939868

[train] epoch=88/100 step=7128 elapsed=2.6min loss=0.00878381[train] epoch=88/100 step=7128 elapsed=2.6min loss=0.00878381

[val] epoch=89 loss=0.00931884[val] epoch=89 loss=0.00931884

[train] epoch=89/100 step=7209 elapsed=2.6min loss=0.00843302[train] epoch=89/100 step=7209 elapsed=2.6min loss=0.00843302

[val] epoch=90 loss=0.00977112[val] epoch=90 loss=0.00977112

[train] epoch=90/100 step=7290 elapsed=2.6min loss=0.00807114[train] epoch=90/100 step=7290 elapsed=2.6min loss=0.00807114

[val] epoch=91 loss=0.0106247[val] epoch=91 loss=0.0106247

[train] epoch=91/100 step=7371 elapsed=2.6min loss=0.0114347[train] epoch=91/100 step=7371 elapsed=2.6min loss=0.0114347

[val] epoch=92 loss=0.00914337[val] epoch=92 loss=0.00914337

[train] epoch=92/100 step=7452 elapsed=2.6min loss=0.00831532[train] epoch=92/100 step=7452 elapsed=2.6min loss=0.00831532

[val] epoch=93 loss=0.00924064[val] epoch=93 loss=0.00924064

[train] epoch=93/100 step=7533 elapsed=2.6min loss=0.00802819[train] epoch=93/100 step=7533 elapsed=2.6min loss=0.00802819

[val] epoch=94 loss=0.00941479[val] epoch=94 loss=0.00941479

[train] epoch=94/100 step=7614 elapsed=2.6min loss=0.00765698[train] epoch=94/100 step=7614 elapsed=2.6min loss=0.00765698

[val] epoch=95 loss=0.00915774[val] epoch=95 loss=0.00915774

[train] epoch=95/100 step=7695 elapsed=2.6min loss=0.00805567[train] epoch=95/100 step=7695 elapsed=2.6min loss=0.00805567

[val] epoch=96 loss=0.00867439[val] epoch=96 loss=0.00867439

[train] epoch=96/100 step=7776 elapsed=2.6min loss=0.00760217[train] epoch=96/100 step=7776 elapsed=2.6min loss=0.00760217

[val] epoch=97 loss=0.00875359[val] epoch=97 loss=0.00875359

[train] epoch=97/100 step=7857 elapsed=2.6min loss=0.00760876[train] epoch=97/100 step=7857 elapsed=2.6min loss=0.00760876

[val] epoch=98 loss=0.00880248[val] epoch=98 loss=0.00880248

[train] epoch=98/100 step=7938 elapsed=2.6min loss=0.00762737[train] epoch=98/100 step=7938 elapsed=2.6min loss=0.00762737

[val] epoch=99 loss=0.00990169[val] epoch=99 loss=0.00990169

[train] epoch=99/100 step=8019 elapsed=2.6min loss=0.00749445[train] epoch=99/100 step=8019 elapsed=2.6min loss=0.00749445

[val] epoch=100 loss=0.00846977[val] epoch=100 loss=0.00846977

[train] epoch=100/100 step=8100 elapsed=2.6min loss=0.00757929
[train] epoch=100/100 step=8100 elapsed=2.6min loss=0.00757929
`Trainer.fit` stopped: `max_epochs=100` reached.
Restoring states from the checkpoint path at /home/yifeiliu/working/runs_window_fullbatch_mlp_ttt/pdes_window-fullbatch-mlp-ttt_128_60sims_100ep/checkpoints/epoch-epoch=099.ckpt
/home/yifeiliu/venv/lib/python3.12/site-packages/lightning/fabric/utilities/cloud_io.py:73: You are using `torch.load` with `weights_only=False` (the current default value), which uses the default pickle module implicitly. It is possible to construct malicious pickle data which will execute arbitrary code during unpickling (See https://github.com/pytorch/pytorch/blob/main/SECURITY.md#untrusted-models for more details). In a future release, the default value for `weights_only` will be flipped to `True`. This limits the functions that could be executed during unpickling. Arbitrary objects will no longer be allowed to be loaded via this mode unless they are explicitly allowlisted by the user via `torch.serialization.add_safe_globals`. We recommend you start setting `weights_only=True` for any use case where you don't have full control of the loaded file. Please open an issue on GitHub for any issues related to this experimental feature.
/home/yifeiliu/venv/lib/python3.12/site-packages/lightning/fabric/utilities/cloud_io.py:73: You are using `torch.load` with `weights_only=False` (the current default value), which uses the default pickle module implicitly. It is possible to construct malicious pickle data which will execute arbitrary code during unpickling (See https://github.com/pytorch/pytorch/blob/main/SECURITY.md#untrusted-models for more details). In a future release, the default value for `weights_only` will be flipped to `True`. This limits the functions that could be executed during unpickling. Arbitrary objects will no longer be allowed to be loaded via this mode unless they are explicitly allowlisted by the user via `torch.serialization.add_safe_globals`. We recommend you start setting `weights_only=True` for any use case where you don't have full control of the loaded file. Please open an issue on GitHub for any issues related to this experimental feature.
LOCAL_RANK: 0 - CUDA_VISIBLE_DEVICES: [0,1]
LOCAL_RANK: 1 - CUDA_VISIBLE_DEVICES: [0,1]
Loaded model weights from the checkpoint at /home/yifeiliu/working/runs_window_fullbatch_mlp_ttt/pdes_window-fullbatch-mlp-ttt_128_60sims_100ep/checkpoints/epoch-epoch=099.ckpt
/home/yifeiliu/venv/lib/python3.12/site-packages/lightning/pytorch/trainer/connectors/data_connector.py:217: Using `DistributedSampler` with the dataloaders. During `trainer.validate()`, it is recommended to use `Trainer(devices=1, num_nodes=1)` to ensure each sample/batch gets evaluated exactly once. Otherwise, multi-device settings use `DistributedSampler` that replicates some samples to make sure all devices have same batch size in case of uneven inputs.
[val] epoch=101 loss=0.00846977[val] epoch=101 loss=0.00846977

last_checkpoint: /home/yifeiliu/working/runs_window_fullbatch_mlp_ttt/pdes_window-fullbatch-mlp-ttt_128_60sims_100ep/checkpoints/last.ckptlast_checkpoint: /home/yifeiliu/working/runs_window_fullbatch_mlp_ttt/pdes_window-fullbatch-mlp-ttt_128_60sims_100ep/checkpoints/last.ckpt

best_checkpoint: /home/yifeiliu/working/runs_window_fullbatch_mlp_ttt/pdes_window-fullbatch-mlp-ttt_128_60sims_100ep/checkpoints/epoch-epoch=099.ckpt
best_checkpoint: /home/yifeiliu/working/runs_window_fullbatch_mlp_ttt/pdes_window-fullbatch-mlp-ttt_128_60sims_100ep/checkpoints/epoch-epoch=099.ckpt
ema_last_checkpoint: Noneema_last_checkpoint: None

ema_best_checkpoint: Noneema_best_checkpoint: None

best_validation: [{'val/loss_epoch': 0.00846976600587368}]best_validation: [{'val/loss_epoch': 0.00846976600587368}]

