[start] 2026-07-01T22:03:58+02:00 host=cube4 pwd=/home/yifeiliu/server_06_vittt
[start] CUDA_VISIBLE_DEVICES=0,1 devices=2 strategy=ddp accum=8
/home/yifeiliu/venv/lib/python3.12/site-packages/timm/models/layers/__init__.py:49: FutureWarning: Importing from timm.models.layers is deprecated, please import via timm.layers
  warnings.warn(f"Importing from {__name__} is deprecated, please import via timm.layers", FutureWarning)
/home/yifeiliu/venv/lib/python3.12/site-packages/pdetransformer/data/pbdl_dataloader/dataset.py:6: UserWarning: pkg_resources is deprecated as an API. See https://setuptools.pypa.io/en/latest/pkg_resources.html. The pkg_resources package is slated for removal as early as 2025-11-30. Refrain from using this package or pin to Setuptools<81.
  import pkg_resources
[93m[1mWarning:[22m ./datasets/ is not a valid directory. No local datasets will be available.[0m
config: pdes_vittt-cacheoff_128_60sims.yaml
work_dir: /home/yifeiliu/working
data_dir: /home/yifeiliu/working/datasets
run_root: /home/yifeiliu/working/runs_v2
run_name: pdes_vittt-cacheoff_128_60sims
model_type: PDE-S
in_channels: 2 out_channels: 2 patch_size: 4
periodic: True carrier_token_active: False
checkpoint_path: /home/yifeiliu/working/runs_v2/pdes_vittt-cacheoff_128_60sims/checkpoints/last.ckpt
torch: 2.5.1+cu121
cuda available: True
cuda device count: 2
precision: 32-true
devices: 2 strategy: ddp
accumulate_grad_batches: 8
use_ttt_window_attention: False
token_mixer_type: vittt resolved: vittt
use_ttt_state_cache_train: False
ttt_layer_type: linear
ttt_mini_batch_size: 16
ttt_base_lr: 1.0
ttt_use_gate: False
ttt_scan_checkpoint_group_size: 0
vittt_inner_lr: 1.0
vittt_padding_mode: zero
learning_rate: 4e-05
generate_data: False low_res: True
downsample_factor: 2 sample_size: 128 test_unrolling_steps: 29 max_channels: 2
GPU available: True (cuda), used: True
TPU available: False, using: 0 TPU cores
💡 Tip: For seamless cloud logging and experiment tracking, try installing [litlogger](https://pypi.org/project/litlogger/) to enable LitLogger, which logs metrics and artifacts automatically to the Lightning Experiments platform.
starting fresh training run 
Initializing distributed: GLOBAL_RANK: 0, MEMBER: 1/2
/home/yifeiliu/venv/lib/python3.12/site-packages/timm/models/layers/__init__.py:49: FutureWarning: Importing from timm.models.layers is deprecated, please import via timm.layers
  warnings.warn(f"Importing from {__name__} is deprecated, please import via timm.layers", FutureWarning)
/home/yifeiliu/venv/lib/python3.12/site-packages/pdetransformer/data/pbdl_dataloader/dataset.py:6: UserWarning: pkg_resources is deprecated as an API. See https://setuptools.pypa.io/en/latest/pkg_resources.html. The pkg_resources package is slated for removal as early as 2025-11-30. Refrain from using this package or pin to Setuptools<81.
  import pkg_resources
[93m[1mWarning:[22m ./datasets/ is not a valid directory. No local datasets will be available.[0m
config: pdes_vittt-cacheoff_128_60sims.yaml
work_dir: /home/yifeiliu/working
data_dir: /home/yifeiliu/working/datasets
run_root: /home/yifeiliu/working/runs_v2
run_name: pdes_vittt-cacheoff_128_60sims
model_type: PDE-S
in_channels: 2 out_channels: 2 patch_size: 4
periodic: True carrier_token_active: False
checkpoint_path: /home/yifeiliu/working/runs_v2/pdes_vittt-cacheoff_128_60sims/checkpoints/last.ckpt
torch: 2.5.1+cu121
cuda available: True
cuda device count: 2
precision: 32-true
devices: 2 strategy: ddp
accumulate_grad_batches: 8
use_ttt_window_attention: False
token_mixer_type: vittt resolved: vittt
use_ttt_state_cache_train: False
ttt_layer_type: linear
ttt_mini_batch_size: 16
ttt_base_lr: 1.0
ttt_use_gate: False
ttt_scan_checkpoint_group_size: 0
vittt_inner_lr: 1.0
vittt_padding_mode: zero
learning_rate: 4e-05
generate_data: False low_res: True
downsample_factor: 2 sample_size: 128 test_unrolling_steps: 29 max_channels: 2
starting fresh training run 
Initializing distributed: GLOBAL_RANK: 1, MEMBER: 2/2
----------------------------------------------------------------------------------------------------
distributed_backend=nccl
All distributed processes registered. Starting with 2 processes
----------------------------------------------------------------------------------------------------

[96m[1mSuccess:[22m Loaded diff with 60 simulations (50 selected) and 29 samples each.[0m
[96m[1mSuccess:[22m Loaded diff with 60 simulations (50 selected) and 29 samples each.[0m
[96m[1mSuccess:[22m Loaded diff with 60 simulations and 1 samples each.[0m
[96m[1mSuccess:[22m Loaded diff with 60 simulations and 1 samples each.[0m
[96m[1mSuccess:[22m Loaded hyp with 60 simulations (50 selected) and 29 samples each.[0m
[96m[1mSuccess:[22m Loaded hyp with 60 simulations (50 selected) and 29 samples each.[0m
[96m[1mSuccess:[22m Loaded hyp with 60 simulations and 1 samples each.[0m
[96m[1mSuccess:[22m Loaded hyp with 60 simulations and 1 samples each.[0m
[96m[1mSuccess:[22m Loaded burgers with 60 simulations (50 selected) and 29 samples each.[0m
[96m[1mSuccess:[22m Loaded burgers with 60 simulations (50 selected) and 29 samples each.[0m
[96m[1mSuccess:[22m Loaded burgers with 60 simulations and 1 samples each.[0m
[96m[1mSuccess:[22m Loaded burgers with 60 simulations and 1 samples each.[0m
[96m[1mSuccess:[22m Loaded kdv with 60 simulations (50 selected) and 29 samples each.[0m
[96m[1mSuccess:[22m Loaded kdv with 60 simulations (50 selected) and 29 samples each.[0m
[96m[1mSuccess:[22m Loaded kdv with 60 simulations and 1 samples each.[0m
[96m[1mSuccess:[22m Loaded kdv with 60 simulations and 1 samples each.[0m
[96m[1mSuccess:[22m Loaded ks with 60 simulations and 29 samples each.[0m
[96m[1mSuccess:[22m Loaded ks with 60 simulations and 29 samples each.[0m
[96m[1mSuccess:[22m Loaded ks_test with 5 simulations and 1 samples each.[0m
[96m[1mSuccess:[22m Loaded ks_test with 5 simulations and 1 samples each.[0m
[96m[1mSuccess:[22m Loaded fisher with 60 simulations (50 selected) and 29 samples each.[0m
[96m[1mSuccess:[22m Loaded fisher with 60 simulations (50 selected) and 29 samples each.[0m
[96m[1mSuccess:[22m Loaded fisher with 60 simulations and 1 samples each.[0m
[96m[1mSuccess:[22m Loaded fisher with 60 simulations and 1 samples each.[0m
[96m[1mSuccess:[22m Loaded gs_alpha with 10 simulations and 29 samples each.[0m
[96m[1mSuccess:[22m Loaded gs_alpha with 10 simulations and 29 samples each.[0m
[96m[1mSuccess:[22m Loaded gs_alpha_test with 3 simulations and 1 samples each.[0m
[96m[1mSuccess:[22m Loaded gs_alpha_test with 3 simulations and 1 samples each.[0m
[96m[1mSuccess:[22m Loaded gs_beta with 10 simulations and 29 samples each.[0m
[96m[1mSuccess:[22m Loaded gs_beta with 10 simulations and 29 samples each.[0m
[96m[1mSuccess:[22m Loaded gs_beta_test with 3 simulations and 1 samples each.[0m
[96m[1mSuccess:[22m Loaded gs_beta_test with 3 simulations and 1 samples each.[0m
[96m[1mSuccess:[22m Loaded gs_gamma with 10 simulations and 29 samples each.[0m
[96m[1mSuccess:[22m Loaded gs_gamma with 10 simulations and 29 samples each.[0m
[96m[1mSuccess:[22m Loaded gs_gamma_test with 3 simulations and 1 samples each.[0m
[96m[1mSuccess:[22m Loaded gs_gamma_test with 3 simulations and 1 samples each.[0m
[96m[1mSuccess:[22m Loaded gs_delta with 100 simulations (80 selected) and 29 samples each.[0m
[96m[1mSuccess:[22m Loaded gs_delta with 100 simulations (80 selected) and 29 samples each.[0m
[96m[1mSuccess:[22m Loaded gs_delta with 100 simulations and 1 samples each.[0m
[96m[1mSuccess:[22m Loaded gs_delta with 100 simulations and 1 samples each.[0m
[96m[1mSuccess:[22m Loaded gs_epsilon with 10 simulations and 29 samples each.[0m
[96m[1mSuccess:[22m Loaded gs_epsilon with 10 simulations and 29 samples each.[0m
[96m[1mSuccess:[22m Loaded gs_epsilon_test with 3 simulations and 1 samples each.[0m
[96m[1mSuccess:[22m Loaded gs_epsilon_test with 3 simulations and 1 samples each.[0m
[96m[1mSuccess:[22m Loaded gs_theta with 100 simulations (80 selected) and 29 samples each.[0m
[96m[1mSuccess:[22m Loaded gs_theta with 100 simulations (80 selected) and 29 samples each.[0m
[96m[1mSuccess:[22m Loaded gs_theta with 100 simulations and 1 samples each.[0m
[96m[1mSuccess:[22m Loaded gs_theta with 100 simulations and 1 samples each.[0m
[96m[1mSuccess:[22m Loaded gs_iota with 100 simulations (80 selected) and 29 samples each.[0m
[96m[1mSuccess:[22m Loaded gs_iota with 100 simulations (80 selected) and 29 samples each.[0m
[96m[1mSuccess:[22m Loaded gs_iota with 100 simulations and 1 samples each.[0m
[96m[1mSuccess:[22m Loaded gs_iota with 100 simulations and 1 samples each.[0m
[96m[1mSuccess:[22m Loaded gs_kappa with 100 simulations (80 selected) and 29 samples each.[0m
[96m[1mSuccess:[22m Loaded gs_kappa with 100 simulations (80 selected) and 29 samples each.[0m
[96m[1mSuccess:[22m Loaded gs_kappa with 100 simulations and 1 samples each.[0m
[96m[1mSuccess:[22m Loaded gs_kappa with 100 simulations and 1 samples each.[0m
[96m[1mSuccess:[22m Loaded sh with 60 simulations (50 selected) and 29 samples each.[0m
[96m[1mSuccess:[22m Loaded sh with 60 simulations (50 selected) and 29 samples each.[0m
[96m[1mSuccess:[22m Loaded sh with 60 simulations and 1 samples each.[0m
[96m[1mSuccess:[22m Loaded sh with 60 simulations and 1 samples each.[0m
[96m[1mSuccess:[22m Loaded decay_turb with 60 simulations and 29 samples each.[0m
[96m[1mSuccess:[22m Loaded decay_turb with 60 simulations and 29 samples each.[0m
[96m[1mSuccess:[22m Loaded decay_turb_test with 5 simulations and 1 samples each.[0m
[96m[1mSuccess:[22m Loaded decay_turb_test with 5 simulations and 1 samples each.[0m
[96m[1mSuccess:[22m Loaded kolm_flow with 60 simulations and 29 samples each.[0m
[96m[1mSuccess:[22m Loaded kolm_flow with 60 simulations and 29 samples each.[0m
[96m[1mSuccess:[22m Loaded kolm_flow_test with 5 simulations and 1 samples each.[0m
[96m[1mSuccess:[22m Loaded kolm_flow_test with 5 simulations and 1 samples each.[0m
LOCAL_RANK: 1 - CUDA_VISIBLE_DEVICES: [0,1]
LOCAL_RANK: 0 - CUDA_VISIBLE_DEVICES: [0,1]
┏━━━┳━━━━━━━┳━━━━━━━━━━━━━━━━┳━━━━━━━━┳━━━━━━━┳━━━━━━━┓
┃   ┃ Name  ┃ Type           ┃ Params ┃ Mode  ┃ FLOPs ┃
┡━━━╇━━━━━━━╇━━━━━━━━━━━━━━━━╇━━━━━━━━╇━━━━━━━╇━━━━━━━┩
│ 0 │ model │ PDETransformer │ 37.2 M │ train │     0 │
└───┴───────┴────────────────┴────────┴───────┴───────┘
Trainable params: 37.2 M                                                        
Non-trainable params: 0                                                         
Total params: 37.2 M                                                            
Total estimated model params size (MB): 148                                     
Modules in train mode: 434                                                      
Modules in eval mode: 0                                                         
Total FLOPs: 0                                                                  
/home/yifeiliu/venv/lib/python3.12/site-packages/lightning/pytorch/utilities/data.py:79: Trying to infer the `batch_size` from an ambiguous collection. The batch size we found is 8. To avoid any miscalculations, use `self.log(..., batch_size=batch_size)`.
/home/yifeiliu/venv/lib/python3.12/site-packages/lightning/pytorch/utilities/data.py:79: Trying to infer the `batch_size` from an ambiguous collection. The batch size we found is 2. To avoid any miscalculations, use `self.log(..., batch_size=batch_size)`.
/home/yifeiliu/venv/lib/python3.12/site-packages/lightning/pytorch/utilities/data.py:79: Trying to infer the `batch_size` from an ambiguous collection. The batch size we found is 1. To avoid any miscalculations, use `self.log(..., batch_size=batch_size)`.
[val] epoch 1/100 global_step=81 | val/loss=0.152715, val/loss_epoch=0.152715[val] epoch 1/100 global_step=81 | val/loss=0.152715, val/loss_epoch=0.152715

[train] epoch 1/100 global_step=81 elapsed=3.1 min | loss=0.320846, loss_epoch=0.320846, loss_step=0.120032, val/loss=0.152715, val/loss_epoch=0.152715[train] epoch 1/100 global_step=81 elapsed=3.1 min | loss=0.320846, loss_epoch=0.320846, loss_step=0.120032, val/loss=0.152715, val/loss_epoch=0.152715

[val] epoch 2/100 global_step=162 | val/loss=0.0698462, val/loss_epoch=0.0698462[val] epoch 2/100 global_step=162 | val/loss=0.0698462, val/loss_epoch=0.0698462

[train] epoch 2/100 global_step=162 elapsed=3.1 min | loss=0.0962165, loss_epoch=0.0962165, loss_step=0.0691107, val/loss=0.0698462, val/loss_epoch=0.0698462[train] epoch 2/100 global_step=162 elapsed=3.1 min | loss=0.0962165, loss_epoch=0.0962165, loss_step=0.0691107, val/loss=0.0698462, val/loss_epoch=0.0698462

[val] epoch 3/100 global_step=243 | val/loss=0.0501452, val/loss_epoch=0.0501452[val] epoch 3/100 global_step=243 | val/loss=0.0501452, val/loss_epoch=0.0501452

[train] epoch 3/100 global_step=243 elapsed=3.1 min | loss=0.0582384, loss_epoch=0.0582384, loss_step=0.0762552, val/loss=0.0501452, val/loss_epoch=0.0501452[train] epoch 3/100 global_step=243 elapsed=3.1 min | loss=0.0582384, loss_epoch=0.0582384, loss_step=0.0762552, val/loss=0.0501452, val/loss_epoch=0.0501452

[val] epoch 4/100 global_step=324 | val/loss=0.0423647, val/loss_epoch=0.0423647[val] epoch 4/100 global_step=324 | val/loss=0.0423647, val/loss_epoch=0.0423647

[train] epoch 4/100 global_step=324 elapsed=3.1 min | loss=0.0456639, loss_epoch=0.0456639, loss_step=0.0122121, val/loss=0.0423647, val/loss_epoch=0.0423647[train] epoch 4/100 global_step=324 elapsed=3.1 min | loss=0.0456639, loss_epoch=0.0456639, loss_step=0.0122121, val/loss=0.0423647, val/loss_epoch=0.0423647

[val] epoch 5/100 global_step=405 | val/loss=0.038225, val/loss_epoch=0.038225[val] epoch 5/100 global_step=405 | val/loss=0.038225, val/loss_epoch=0.038225

[train] epoch 5/100 global_step=405 elapsed=3.1 min | loss=0.0400451, loss_epoch=0.0400451, loss_step=0.024785, val/loss=0.038225, val/loss_epoch=0.038225[train] epoch 5/100 global_step=405 elapsed=3.1 min | loss=0.0400451, loss_epoch=0.0400451, loss_step=0.024785, val/loss=0.038225, val/loss_epoch=0.038225

[val] epoch 6/100 global_step=486 | val/loss=0.0359745, val/loss_epoch=0.0359745[val] epoch 6/100 global_step=486 | val/loss=0.0359745, val/loss_epoch=0.0359745

[train] epoch 6/100 global_step=486 elapsed=3.1 min | loss=0.0360393, loss_epoch=0.0360393, loss_step=0.0664003, val/loss=0.0359745, val/loss_epoch=0.0359745[train] epoch 6/100 global_step=486 elapsed=3.1 min | loss=0.0360393, loss_epoch=0.0360393, loss_step=0.0664003, val/loss=0.0359745, val/loss_epoch=0.0359745

[val] epoch 7/100 global_step=567 | val/loss=0.0339156, val/loss_epoch=0.0339156[val] epoch 7/100 global_step=567 | val/loss=0.0339156, val/loss_epoch=0.0339156

[train] epoch 7/100 global_step=567 elapsed=3.1 min | loss=0.0348379, loss_epoch=0.0348379, loss_step=0.0432715, val/loss=0.0339156, val/loss_epoch=0.0339156[train] epoch 7/100 global_step=567 elapsed=3.1 min | loss=0.0348379, loss_epoch=0.0348379, loss_step=0.0432715, val/loss=0.0339156, val/loss_epoch=0.0339156

[val] epoch 8/100 global_step=648 | val/loss=0.0323259, val/loss_epoch=0.0323259[val] epoch 8/100 global_step=648 | val/loss=0.0323259, val/loss_epoch=0.0323259

[train] epoch 8/100 global_step=648 elapsed=3.0 min | loss=0.0316237, loss_epoch=0.0316237, loss_step=0.00897478, val/loss=0.0323259, val/loss_epoch=0.0323259[train] epoch 8/100 global_step=648 elapsed=3.0 min | loss=0.0316237, loss_epoch=0.0316237, loss_step=0.00897478, val/loss=0.0323259, val/loss_epoch=0.0323259

[val] epoch 9/100 global_step=729 | val/loss=0.0305349, val/loss_epoch=0.0305349[val] epoch 9/100 global_step=729 | val/loss=0.0305349, val/loss_epoch=0.0305349

[train] epoch 9/100 global_step=729 elapsed=3.1 min | loss=0.0306108, loss_epoch=0.0306108, loss_step=0.0277381, val/loss=0.0305349, val/loss_epoch=0.0305349[train] epoch 9/100 global_step=729 elapsed=3.1 min | loss=0.0306108, loss_epoch=0.0306108, loss_step=0.0277381, val/loss=0.0305349, val/loss_epoch=0.0305349

[val] epoch 10/100 global_step=810 | val/loss=0.0296896, val/loss_epoch=0.0296896
[val] epoch 10/100 global_step=810 | val/loss=0.0296896, val/loss_epoch=0.0296896
[train] epoch 10/100 global_step=810 elapsed=3.1 min | loss=0.0297986, loss_epoch=0.0297986, loss_step=0.0443911, val/loss=0.0296896, val/loss_epoch=0.0296896[train] epoch 10/100 global_step=810 elapsed=3.1 min | loss=0.0297986, loss_epoch=0.0297986, loss_step=0.0443911, val/loss=0.0296896, val/loss_epoch=0.0296896

[val] epoch 11/100 global_step=891 | val/loss=0.0285432, val/loss_epoch=0.0285432[val] epoch 11/100 global_step=891 | val/loss=0.0285432, val/loss_epoch=0.0285432

[train] epoch 11/100 global_step=891 elapsed=3.1 min | loss=0.028664, loss_epoch=0.028664, loss_step=0.040222, val/loss=0.0285432, val/loss_epoch=0.0285432[train] epoch 11/100 global_step=891 elapsed=3.1 min | loss=0.028664, loss_epoch=0.028664, loss_step=0.040222, val/loss=0.0285432, val/loss_epoch=0.0285432

[val] epoch 12/100 global_step=972 | val/loss=0.0282362, val/loss_epoch=0.0282362[val] epoch 12/100 global_step=972 | val/loss=0.0282362, val/loss_epoch=0.0282362

[train] epoch 12/100 global_step=972 elapsed=3.1 min | loss=0.027134, loss_epoch=0.027134, loss_step=0.0471942, val/loss=0.0282362, val/loss_epoch=0.0282362[train] epoch 12/100 global_step=972 elapsed=3.1 min | loss=0.027134, loss_epoch=0.027134, loss_step=0.0471942, val/loss=0.0282362, val/loss_epoch=0.0282362

[val] epoch 13/100 global_step=1053 | val/loss=0.0279704, val/loss_epoch=0.0279704[val] epoch 13/100 global_step=1053 | val/loss=0.0279704, val/loss_epoch=0.0279704

[train] epoch 13/100 global_step=1053 elapsed=3.1 min | loss=0.0280126, loss_epoch=0.0280126, loss_step=0.0127462, val/loss=0.0279704, val/loss_epoch=0.0279704[train] epoch 13/100 global_step=1053 elapsed=3.1 min | loss=0.0280126, loss_epoch=0.0280126, loss_step=0.0127462, val/loss=0.0279704, val/loss_epoch=0.0279704

[val] epoch 14/100 global_step=1134 | val/loss=0.0249962, val/loss_epoch=0.0249962[val] epoch 14/100 global_step=1134 | val/loss=0.0249962, val/loss_epoch=0.0249962

[train] epoch 14/100 global_step=1134 elapsed=3.0 min | loss=0.0255146, loss_epoch=0.0255146, loss_step=0.0167055, val/loss=0.0249962, val/loss_epoch=0.0249962[train] epoch 14/100 global_step=1134 elapsed=3.0 min | loss=0.0255146, loss_epoch=0.0255146, loss_step=0.0167055, val/loss=0.0249962, val/loss_epoch=0.0249962

[val] epoch 15/100 global_step=1215 | val/loss=0.0240048, val/loss_epoch=0.0240048[val] epoch 15/100 global_step=1215 | val/loss=0.0240048, val/loss_epoch=0.0240048

[train] epoch 15/100 global_step=1215 elapsed=3.1 min | loss=0.0244821, loss_epoch=0.0244821, loss_step=0.0285227, val/loss=0.0240048, val/loss_epoch=0.0240048[train] epoch 15/100 global_step=1215 elapsed=3.1 min | loss=0.0244821, loss_epoch=0.0244821, loss_step=0.0285227, val/loss=0.0240048, val/loss_epoch=0.0240048

[val] epoch 16/100 global_step=1296 | val/loss=0.0228448, val/loss_epoch=0.0228448[val] epoch 16/100 global_step=1296 | val/loss=0.0228448, val/loss_epoch=0.0228448

[train] epoch 16/100 global_step=1296 elapsed=3.1 min | loss=0.0231624, loss_epoch=0.0231624, loss_step=0.0153014, val/loss=0.0228448, val/loss_epoch=0.0228448[train] epoch 16/100 global_step=1296 elapsed=3.1 min | loss=0.0231624, loss_epoch=0.0231624, loss_step=0.0153014, val/loss=0.0228448, val/loss_epoch=0.0228448

[val] epoch 17/100 global_step=1377 | val/loss=0.0224677, val/loss_epoch=0.0224677[val] epoch 17/100 global_step=1377 | val/loss=0.0224677, val/loss_epoch=0.0224677

[train] epoch 17/100 global_step=1377 elapsed=3.0 min | loss=0.0225481, loss_epoch=0.0225481, loss_step=0.0507807, val/loss=0.0224677, val/loss_epoch=0.0224677[train] epoch 17/100 global_step=1377 elapsed=3.0 min | loss=0.0225481, loss_epoch=0.0225481, loss_step=0.0507807, val/loss=0.0224677, val/loss_epoch=0.0224677

[val] epoch 18/100 global_step=1458 | val/loss=0.021152, val/loss_epoch=0.021152[val] epoch 18/100 global_step=1458 | val/loss=0.021152, val/loss_epoch=0.021152

[train] epoch 18/100 global_step=1458 elapsed=3.1 min | loss=0.0215005, loss_epoch=0.0215005, loss_step=0.0284777, val/loss=0.021152, val/loss_epoch=0.021152[train] epoch 18/100 global_step=1458 elapsed=3.1 min | loss=0.0215005, loss_epoch=0.0215005, loss_step=0.0284777, val/loss=0.021152, val/loss_epoch=0.021152

[val] epoch 19/100 global_step=1539 | val/loss=0.0202967, val/loss_epoch=0.0202967[val] epoch 19/100 global_step=1539 | val/loss=0.0202967, val/loss_epoch=0.0202967

[train] epoch 19/100 global_step=1539 elapsed=3.1 min | loss=0.0203251, loss_epoch=0.0203251, loss_step=0.0244951, val/loss=0.0202967, val/loss_epoch=0.0202967[train] epoch 19/100 global_step=1539 elapsed=3.1 min | loss=0.0203251, loss_epoch=0.0203251, loss_step=0.0244951, val/loss=0.0202967, val/loss_epoch=0.0202967

[val] epoch 20/100 global_step=1620 | val/loss=0.019401, val/loss_epoch=0.019401[val] epoch 20/100 global_step=1620 | val/loss=0.019401, val/loss_epoch=0.019401

[train] epoch 20/100 global_step=1620 elapsed=3.1 min | loss=0.0196258, loss_epoch=0.0196258, loss_step=0.014926, val/loss=0.019401, val/loss_epoch=0.019401[train] epoch 20/100 global_step=1620 elapsed=3.1 min | loss=0.0196258, loss_epoch=0.0196258, loss_step=0.014926, val/loss=0.019401, val/loss_epoch=0.019401

[val] epoch 21/100 global_step=1701 | val/loss=0.0197828, val/loss_epoch=0.0197828[val] epoch 21/100 global_step=1701 | val/loss=0.0197828, val/loss_epoch=0.0197828

[train] epoch 21/100 global_step=1701 elapsed=3.1 min | loss=0.0193495, loss_epoch=0.0193495, loss_step=0.00425815, val/loss=0.0197828, val/loss_epoch=0.0197828[train] epoch 21/100 global_step=1701 elapsed=3.1 min | loss=0.0193495, loss_epoch=0.0193495, loss_step=0.00425815, val/loss=0.0197828, val/loss_epoch=0.0197828

[val] epoch 22/100 global_step=1782 | val/loss=0.0181149, val/loss_epoch=0.0181149[val] epoch 22/100 global_step=1782 | val/loss=0.0181149, val/loss_epoch=0.0181149

[train] epoch 22/100 global_step=1782 elapsed=3.1 min | loss=0.0185674, loss_epoch=0.0185674, loss_step=0.0293582, val/loss=0.0181149, val/loss_epoch=0.0181149[train] epoch 22/100 global_step=1782 elapsed=3.1 min | loss=0.0185674, loss_epoch=0.0185674, loss_step=0.0293582, val/loss=0.0181149, val/loss_epoch=0.0181149

[val] epoch 23/100 global_step=1863 | val/loss=0.018756, val/loss_epoch=0.018756[val] epoch 23/100 global_step=1863 | val/loss=0.018756, val/loss_epoch=0.018756

[train] epoch 23/100 global_step=1863 elapsed=3.1 min | loss=0.0187205, loss_epoch=0.0187205, loss_step=0.0116009, val/loss=0.018756, val/loss_epoch=0.018756[train] epoch 23/100 global_step=1863 elapsed=3.1 min | loss=0.0187205, loss_epoch=0.0187205, loss_step=0.0116009, val/loss=0.018756, val/loss_epoch=0.018756

[val] epoch 24/100 global_step=1944 | val/loss=0.0178674, val/loss_epoch=0.0178674[val] epoch 24/100 global_step=1944 | val/loss=0.0178674, val/loss_epoch=0.0178674

[train] epoch 24/100 global_step=1944 elapsed=3.1 min | loss=0.0172379, loss_epoch=0.0172379, loss_step=0.00687255, val/loss=0.0178674, val/loss_epoch=0.0178674[train] epoch 24/100 global_step=1944 elapsed=3.1 min | loss=0.0172379, loss_epoch=0.0172379, loss_step=0.00687255, val/loss=0.0178674, val/loss_epoch=0.0178674

[val] epoch 25/100 global_step=2025 | val/loss=0.0166617, val/loss_epoch=0.0166617[val] epoch 25/100 global_step=2025 | val/loss=0.0166617, val/loss_epoch=0.0166617

[train] epoch 25/100 global_step=2025 elapsed=3.0 min | loss=0.0171161, loss_epoch=0.0171161, loss_step=0.0410488, val/loss=0.0166617, val/loss_epoch=0.0166617[train] epoch 25/100 global_step=2025 elapsed=3.0 min | loss=0.0171161, loss_epoch=0.0171161, loss_step=0.0410488, val/loss=0.0166617, val/loss_epoch=0.0166617

[val] epoch 26/100 global_step=2106 | val/loss=0.0165242, val/loss_epoch=0.0165242[val] epoch 26/100 global_step=2106 | val/loss=0.0165242, val/loss_epoch=0.0165242

[train] epoch 26/100 global_step=2106 elapsed=3.1 min | loss=0.016277, loss_epoch=0.016277, loss_step=0.00536344, val/loss=0.0165242, val/loss_epoch=0.0165242[train] epoch 26/100 global_step=2106 elapsed=3.1 min | loss=0.016277, loss_epoch=0.016277, loss_step=0.00536344, val/loss=0.0165242, val/loss_epoch=0.0165242

[val] epoch 27/100 global_step=2187 | val/loss=0.0188741, val/loss_epoch=0.0188741[val] epoch 27/100 global_step=2187 | val/loss=0.0188741, val/loss_epoch=0.0188741

[train] epoch 27/100 global_step=2187 elapsed=3.1 min | loss=0.0165041, loss_epoch=0.0165041, loss_step=0.0129864, val/loss=0.0188741, val/loss_epoch=0.0188741[train] epoch 27/100 global_step=2187 elapsed=3.1 min | loss=0.0165041, loss_epoch=0.0165041, loss_step=0.0129864, val/loss=0.0188741, val/loss_epoch=0.0188741

[val] epoch 28/100 global_step=2268 | val/loss=0.0171896, val/loss_epoch=0.0171896[val] epoch 28/100 global_step=2268 | val/loss=0.0171896, val/loss_epoch=0.0171896

[train] epoch 28/100 global_step=2268 elapsed=3.1 min | loss=0.0172416, loss_epoch=0.0172416, loss_step=0.0157213, val/loss=0.0171896, val/loss_epoch=0.0171896[train] epoch 28/100 global_step=2268 elapsed=3.1 min | loss=0.0172416, loss_epoch=0.0172416, loss_step=0.0157213, val/loss=0.0171896, val/loss_epoch=0.0171896

[val] epoch 29/100 global_step=2349 | val/loss=0.0154777, val/loss_epoch=0.0154777[val] epoch 29/100 global_step=2349 | val/loss=0.0154777, val/loss_epoch=0.0154777

[train] epoch 29/100 global_step=2349 elapsed=3.1 min | loss=0.015706, loss_epoch=0.015706, loss_step=0.0131104, val/loss=0.0154777, val/loss_epoch=0.0154777
[train] epoch 29/100 global_step=2349 elapsed=3.1 min | loss=0.015706, loss_epoch=0.015706, loss_step=0.0131104, val/loss=0.0154777, val/loss_epoch=0.0154777
[val] epoch 30/100 global_step=2430 | val/loss=0.0151421, val/loss_epoch=0.0151421[val] epoch 30/100 global_step=2430 | val/loss=0.0151421, val/loss_epoch=0.0151421

[train] epoch 30/100 global_step=2430 elapsed=3.1 min | loss=0.0151655, loss_epoch=0.0151655, loss_step=0.0200245, val/loss=0.0151421, val/loss_epoch=0.0151421[train] epoch 30/100 global_step=2430 elapsed=3.1 min | loss=0.0151655, loss_epoch=0.0151655, loss_step=0.0200245, val/loss=0.0151421, val/loss_epoch=0.0151421

[val] epoch 31/100 global_step=2511 | val/loss=0.014847, val/loss_epoch=0.014847[val] epoch 31/100 global_step=2511 | val/loss=0.014847, val/loss_epoch=0.014847

[train] epoch 31/100 global_step=2511 elapsed=3.1 min | loss=0.0147871, loss_epoch=0.0147871, loss_step=0.0253274, val/loss=0.014847, val/loss_epoch=0.014847[train] epoch 31/100 global_step=2511 elapsed=3.1 min | loss=0.0147871, loss_epoch=0.0147871, loss_step=0.0253274, val/loss=0.014847, val/loss_epoch=0.014847

[val] epoch 32/100 global_step=2592 | val/loss=0.0144844, val/loss_epoch=0.0144844[val] epoch 32/100 global_step=2592 | val/loss=0.0144844, val/loss_epoch=0.0144844

[train] epoch 32/100 global_step=2592 elapsed=3.1 min | loss=0.0149385, loss_epoch=0.0149385, loss_step=0.00303614, val/loss=0.0144844, val/loss_epoch=0.0144844[train] epoch 32/100 global_step=2592 elapsed=3.1 min | loss=0.0149385, loss_epoch=0.0149385, loss_step=0.00303614, val/loss=0.0144844, val/loss_epoch=0.0144844

[val] epoch 33/100 global_step=2673 | val/loss=0.0144979, val/loss_epoch=0.0144979[val] epoch 33/100 global_step=2673 | val/loss=0.0144979, val/loss_epoch=0.0144979

[train] epoch 33/100 global_step=2673 elapsed=3.1 min | loss=0.0160569, loss_epoch=0.0160569, loss_step=0.0117, val/loss=0.0144979, val/loss_epoch=0.0144979[train] epoch 33/100 global_step=2673 elapsed=3.1 min | loss=0.0160569, loss_epoch=0.0160569, loss_step=0.0117, val/loss=0.0144979, val/loss_epoch=0.0144979

[val] epoch 34/100 global_step=2754 | val/loss=0.0140804, val/loss_epoch=0.0140804[val] epoch 34/100 global_step=2754 | val/loss=0.0140804, val/loss_epoch=0.0140804

[train] epoch 34/100 global_step=2754 elapsed=3.1 min | loss=0.0137491, loss_epoch=0.0137491, loss_step=0.0105682, val/loss=0.0140804, val/loss_epoch=0.0140804[train] epoch 34/100 global_step=2754 elapsed=3.1 min | loss=0.0137491, loss_epoch=0.0137491, loss_step=0.0105682, val/loss=0.0140804, val/loss_epoch=0.0140804

[val] epoch 35/100 global_step=2835 | val/loss=0.0138473, val/loss_epoch=0.0138473[val] epoch 35/100 global_step=2835 | val/loss=0.0138473, val/loss_epoch=0.0138473

[train] epoch 35/100 global_step=2835 elapsed=3.1 min | loss=0.013668, loss_epoch=0.013668, loss_step=0.00669182, val/loss=0.0138473, val/loss_epoch=0.0138473[train] epoch 35/100 global_step=2835 elapsed=3.1 min | loss=0.013668, loss_epoch=0.013668, loss_step=0.00669182, val/loss=0.0138473, val/loss_epoch=0.0138473

[val] epoch 36/100 global_step=2916 | val/loss=0.0247587, val/loss_epoch=0.0247587[val] epoch 36/100 global_step=2916 | val/loss=0.0247587, val/loss_epoch=0.0247587

[train] epoch 36/100 global_step=2916 elapsed=3.1 min | loss=0.0155511, loss_epoch=0.0155511, loss_step=0.015595, val/loss=0.0247587, val/loss_epoch=0.0247587[train] epoch 36/100 global_step=2916 elapsed=3.1 min | loss=0.0155511, loss_epoch=0.0155511, loss_step=0.015595, val/loss=0.0247587, val/loss_epoch=0.0247587

[val] epoch 37/100 global_step=2997 | val/loss=0.0140228, val/loss_epoch=0.0140228[val] epoch 37/100 global_step=2997 | val/loss=0.0140228, val/loss_epoch=0.0140228

[train] epoch 37/100 global_step=2997 elapsed=3.1 min | loss=0.0163047, loss_epoch=0.0163047, loss_step=0.00144873, val/loss=0.0140228, val/loss_epoch=0.0140228[train] epoch 37/100 global_step=2997 elapsed=3.1 min | loss=0.0163047, loss_epoch=0.0163047, loss_step=0.00144873, val/loss=0.0140228, val/loss_epoch=0.0140228

[val] epoch 38/100 global_step=3078 | val/loss=0.0152803, val/loss_epoch=0.0152803[val] epoch 38/100 global_step=3078 | val/loss=0.0152803, val/loss_epoch=0.0152803

[train] epoch 38/100 global_step=3078 elapsed=3.1 min | loss=0.0137875, loss_epoch=0.0137875, loss_step=0.00784111, val/loss=0.0152803, val/loss_epoch=0.0152803[train] epoch 38/100 global_step=3078 elapsed=3.1 min | loss=0.0137875, loss_epoch=0.0137875, loss_step=0.00784111, val/loss=0.0152803, val/loss_epoch=0.0152803

[val] epoch 39/100 global_step=3159 | val/loss=0.0132161, val/loss_epoch=0.0132161[val] epoch 39/100 global_step=3159 | val/loss=0.0132161, val/loss_epoch=0.0132161

[train] epoch 39/100 global_step=3159 elapsed=3.1 min | loss=0.0136268, loss_epoch=0.0136268, loss_step=0.0104299, val/loss=0.0132161, val/loss_epoch=0.0132161[train] epoch 39/100 global_step=3159 elapsed=3.1 min | loss=0.0136268, loss_epoch=0.0136268, loss_step=0.0104299, val/loss=0.0132161, val/loss_epoch=0.0132161

[val] epoch 40/100 global_step=3240 | val/loss=0.0129951, val/loss_epoch=0.0129951[val] epoch 40/100 global_step=3240 | val/loss=0.0129951, val/loss_epoch=0.0129951

[train] epoch 40/100 global_step=3240 elapsed=3.1 min | loss=0.0130666, loss_epoch=0.0130666, loss_step=0.00887339, val/loss=0.0129951, val/loss_epoch=0.0129951[train] epoch 40/100 global_step=3240 elapsed=3.1 min | loss=0.0130666, loss_epoch=0.0130666, loss_step=0.00887339, val/loss=0.0129951, val/loss_epoch=0.0129951

[val] epoch 41/100 global_step=3321 | val/loss=0.0127459, val/loss_epoch=0.0127459[val] epoch 41/100 global_step=3321 | val/loss=0.0127459, val/loss_epoch=0.0127459

[train] epoch 41/100 global_step=3321 elapsed=3.1 min | loss=0.0127912, loss_epoch=0.0127912, loss_step=0.00288983, val/loss=0.0127459, val/loss_epoch=0.0127459[train] epoch 41/100 global_step=3321 elapsed=3.1 min | loss=0.0127912, loss_epoch=0.0127912, loss_step=0.00288983, val/loss=0.0127459, val/loss_epoch=0.0127459

[val] epoch 42/100 global_step=3402 | val/loss=0.0125444, val/loss_epoch=0.0125444[val] epoch 42/100 global_step=3402 | val/loss=0.0125444, val/loss_epoch=0.0125444

[train] epoch 42/100 global_step=3402 elapsed=3.1 min | loss=0.0123681, loss_epoch=0.0123681, loss_step=0.010097, val/loss=0.0125444, val/loss_epoch=0.0125444[train] epoch 42/100 global_step=3402 elapsed=3.1 min | loss=0.0123681, loss_epoch=0.0123681, loss_step=0.010097, val/loss=0.0125444, val/loss_epoch=0.0125444

[val] epoch 43/100 global_step=3483 | val/loss=0.0126823, val/loss_epoch=0.0126823[val] epoch 43/100 global_step=3483 | val/loss=0.0126823, val/loss_epoch=0.0126823

[train] epoch 43/100 global_step=3483 elapsed=3.1 min | loss=0.0123273, loss_epoch=0.0123273, loss_step=0.00812813, val/loss=0.0126823, val/loss_epoch=0.0126823[train] epoch 43/100 global_step=3483 elapsed=3.1 min | loss=0.0123273, loss_epoch=0.0123273, loss_step=0.00812813, val/loss=0.0126823, val/loss_epoch=0.0126823

[val] epoch 44/100 global_step=3564 | val/loss=0.0123856, val/loss_epoch=0.0123856[val] epoch 44/100 global_step=3564 | val/loss=0.0123856, val/loss_epoch=0.0123856

[train] epoch 44/100 global_step=3564 elapsed=3.1 min | loss=0.0121965, loss_epoch=0.0121965, loss_step=0.0162683, val/loss=0.0123856, val/loss_epoch=0.0123856[train] epoch 44/100 global_step=3564 elapsed=3.1 min | loss=0.0121965, loss_epoch=0.0121965, loss_step=0.0162683, val/loss=0.0123856, val/loss_epoch=0.0123856

[val] epoch 45/100 global_step=3645 | val/loss=0.0120479, val/loss_epoch=0.0120479[val] epoch 45/100 global_step=3645 | val/loss=0.0120479, val/loss_epoch=0.0120479

[train] epoch 45/100 global_step=3645 elapsed=3.1 min | loss=0.0121701, loss_epoch=0.0121701, loss_step=0.00428466, val/loss=0.0120479, val/loss_epoch=0.0120479[train] epoch 45/100 global_step=3645 elapsed=3.1 min | loss=0.0121701, loss_epoch=0.0121701, loss_step=0.00428466, val/loss=0.0120479, val/loss_epoch=0.0120479

[val] epoch 46/100 global_step=3726 | val/loss=0.012279, val/loss_epoch=0.012279[val] epoch 46/100 global_step=3726 | val/loss=0.012279, val/loss_epoch=0.012279

[train] epoch 46/100 global_step=3726 elapsed=3.1 min | loss=0.0119214, loss_epoch=0.0119214, loss_step=0.00515826, val/loss=0.012279, val/loss_epoch=0.012279[train] epoch 46/100 global_step=3726 elapsed=3.1 min | loss=0.0119214, loss_epoch=0.0119214, loss_step=0.00515826, val/loss=0.012279, val/loss_epoch=0.012279

[val] epoch 47/100 global_step=3807 | val/loss=0.0117432, val/loss_epoch=0.0117432[val] epoch 47/100 global_step=3807 | val/loss=0.0117432, val/loss_epoch=0.0117432

[train] epoch 47/100 global_step=3807 elapsed=3.1 min | loss=0.0119346, loss_epoch=0.0119346, loss_step=0.00790987, val/loss=0.0117432, val/loss_epoch=0.0117432[train] epoch 47/100 global_step=3807 elapsed=3.1 min | loss=0.0119346, loss_epoch=0.0119346, loss_step=0.00790987, val/loss=0.0117432, val/loss_epoch=0.0117432

[val] epoch 48/100 global_step=3888 | val/loss=0.0118519, val/loss_epoch=0.0118519[val] epoch 48/100 global_step=3888 | val/loss=0.0118519, val/loss_epoch=0.0118519

[train] epoch 48/100 global_step=3888 elapsed=3.1 min | loss=0.0115384, loss_epoch=0.0115384, loss_step=0.0256094, val/loss=0.0118519, val/loss_epoch=0.0118519[train] epoch 48/100 global_step=3888 elapsed=3.1 min | loss=0.0115384, loss_epoch=0.0115384, loss_step=0.0256094, val/loss=0.0118519, val/loss_epoch=0.0118519

[val] epoch 49/100 global_step=3969 | val/loss=0.0115757, val/loss_epoch=0.0115757[val] epoch 49/100 global_step=3969 | val/loss=0.0115757, val/loss_epoch=0.0115757

[train] epoch 49/100 global_step=3969 elapsed=3.1 min | loss=0.0111225, loss_epoch=0.0111225, loss_step=0.00602257, val/loss=0.0115757, val/loss_epoch=0.0115757
[train] epoch 49/100 global_step=3969 elapsed=3.1 min | loss=0.0111225, loss_epoch=0.0111225, loss_step=0.00602257, val/loss=0.0115757, val/loss_epoch=0.0115757
[val] epoch 50/100 global_step=4050 | val/loss=0.0115364, val/loss_epoch=0.0115364[val] epoch 50/100 global_step=4050 | val/loss=0.0115364, val/loss_epoch=0.0115364

[train] epoch 50/100 global_step=4050 elapsed=3.1 min | loss=0.0116348, loss_epoch=0.0116348, loss_step=0.0120276, val/loss=0.0115364, val/loss_epoch=0.0115364[train] epoch 50/100 global_step=4050 elapsed=3.1 min | loss=0.0116348, loss_epoch=0.0116348, loss_step=0.0120276, val/loss=0.0115364, val/loss_epoch=0.0115364

[val] epoch 51/100 global_step=4131 | val/loss=0.0181158, val/loss_epoch=0.0181158[val] epoch 51/100 global_step=4131 | val/loss=0.0181158, val/loss_epoch=0.0181158

[train] epoch 51/100 global_step=4131 elapsed=3.1 min | loss=0.0175883, loss_epoch=0.0175883, loss_step=0.021422, val/loss=0.0181158, val/loss_epoch=0.0181158[train] epoch 51/100 global_step=4131 elapsed=3.1 min | loss=0.0175883, loss_epoch=0.0175883, loss_step=0.021422, val/loss=0.0181158, val/loss_epoch=0.0181158

[val] epoch 52/100 global_step=4212 | val/loss=0.0129364, val/loss_epoch=0.0129364[val] epoch 52/100 global_step=4212 | val/loss=0.0129364, val/loss_epoch=0.0129364

[train] epoch 52/100 global_step=4212 elapsed=3.1 min | loss=0.0143955, loss_epoch=0.0143955, loss_step=0.0194829, val/loss=0.0129364, val/loss_epoch=0.0129364[train] epoch 52/100 global_step=4212 elapsed=3.1 min | loss=0.0143955, loss_epoch=0.0143955, loss_step=0.0194829, val/loss=0.0129364, val/loss_epoch=0.0129364

[val] epoch 53/100 global_step=4293 | val/loss=0.0122249, val/loss_epoch=0.0122249[val] epoch 53/100 global_step=4293 | val/loss=0.0122249, val/loss_epoch=0.0122249

[train] epoch 53/100 global_step=4293 elapsed=3.1 min | loss=0.0121344, loss_epoch=0.0121344, loss_step=0.00537847, val/loss=0.0122249, val/loss_epoch=0.0122249[train] epoch 53/100 global_step=4293 elapsed=3.1 min | loss=0.0121344, loss_epoch=0.0121344, loss_step=0.00537847, val/loss=0.0122249, val/loss_epoch=0.0122249

[val] epoch 54/100 global_step=4374 | val/loss=0.0116132, val/loss_epoch=0.0116132[val] epoch 54/100 global_step=4374 | val/loss=0.0116132, val/loss_epoch=0.0116132

[train] epoch 54/100 global_step=4374 elapsed=3.1 min | loss=0.011553, loss_epoch=0.011553, loss_step=0.0449456, val/loss=0.0116132, val/loss_epoch=0.0116132[train] epoch 54/100 global_step=4374 elapsed=3.1 min | loss=0.011553, loss_epoch=0.011553, loss_step=0.0449456, val/loss=0.0116132, val/loss_epoch=0.0116132

[val] epoch 55/100 global_step=4455 | val/loss=0.011454, val/loss_epoch=0.011454[val] epoch 55/100 global_step=4455 | val/loss=0.011454, val/loss_epoch=0.011454

[train] epoch 55/100 global_step=4455 elapsed=3.1 min | loss=0.0111279, loss_epoch=0.0111279, loss_step=0.0167938, val/loss=0.011454, val/loss_epoch=0.011454
[train] epoch 55/100 global_step=4455 elapsed=3.1 min | loss=0.0111279, loss_epoch=0.0111279, loss_step=0.0167938, val/loss=0.011454, val/loss_epoch=0.011454
[val] epoch 56/100 global_step=4536 | val/loss=0.0111808, val/loss_epoch=0.0111808[val] epoch 56/100 global_step=4536 | val/loss=0.0111808, val/loss_epoch=0.0111808

[train] epoch 56/100 global_step=4536 elapsed=3.1 min | loss=0.0109548, loss_epoch=0.0109548, loss_step=0.00756343, val/loss=0.0111808, val/loss_epoch=0.0111808[train] epoch 56/100 global_step=4536 elapsed=3.1 min | loss=0.0109548, loss_epoch=0.0109548, loss_step=0.00756343, val/loss=0.0111808, val/loss_epoch=0.0111808

[val] epoch 57/100 global_step=4617 | val/loss=0.0112603, val/loss_epoch=0.0112603[val] epoch 57/100 global_step=4617 | val/loss=0.0112603, val/loss_epoch=0.0112603

[train] epoch 57/100 global_step=4617 elapsed=3.1 min | loss=0.0106667, loss_epoch=0.0106667, loss_step=0.0115006, val/loss=0.0112603, val/loss_epoch=0.0112603[train] epoch 57/100 global_step=4617 elapsed=3.1 min | loss=0.0106667, loss_epoch=0.0106667, loss_step=0.0115006, val/loss=0.0112603, val/loss_epoch=0.0112603

[val] epoch 58/100 global_step=4698 | val/loss=0.0108187, val/loss_epoch=0.0108187[val] epoch 58/100 global_step=4698 | val/loss=0.0108187, val/loss_epoch=0.0108187

[train] epoch 58/100 global_step=4698 elapsed=3.1 min | loss=0.0105799, loss_epoch=0.0105799, loss_step=0.00146404, val/loss=0.0108187, val/loss_epoch=0.0108187[train] epoch 58/100 global_step=4698 elapsed=3.1 min | loss=0.0105799, loss_epoch=0.0105799, loss_step=0.00146404, val/loss=0.0108187, val/loss_epoch=0.0108187

[val] epoch 59/100 global_step=4779 | val/loss=0.0114027, val/loss_epoch=0.0114027[val] epoch 59/100 global_step=4779 | val/loss=0.0114027, val/loss_epoch=0.0114027

[train] epoch 59/100 global_step=4779 elapsed=3.1 min | loss=0.0102407, loss_epoch=0.0102407, loss_step=0.00747734, val/loss=0.0114027, val/loss_epoch=0.0114027[train] epoch 59/100 global_step=4779 elapsed=3.1 min | loss=0.0102407, loss_epoch=0.0102407, loss_step=0.00747734, val/loss=0.0114027, val/loss_epoch=0.0114027

[val] epoch 60/100 global_step=4860 | val/loss=0.0106099, val/loss_epoch=0.0106099[val] epoch 60/100 global_step=4860 | val/loss=0.0106099, val/loss_epoch=0.0106099

[train] epoch 60/100 global_step=4860 elapsed=3.1 min | loss=0.0105912, loss_epoch=0.0105912, loss_step=0.0089265, val/loss=0.0106099, val/loss_epoch=0.0106099[train] epoch 60/100 global_step=4860 elapsed=3.1 min | loss=0.0105912, loss_epoch=0.0105912, loss_step=0.0089265, val/loss=0.0106099, val/loss_epoch=0.0106099

[val] epoch 61/100 global_step=4941 | val/loss=0.0104914, val/loss_epoch=0.0104914[val] epoch 61/100 global_step=4941 | val/loss=0.0104914, val/loss_epoch=0.0104914

[train] epoch 61/100 global_step=4941 elapsed=3.1 min | loss=0.0101184, loss_epoch=0.0101184, loss_step=0.0181653, val/loss=0.0104914, val/loss_epoch=0.0104914[train] epoch 61/100 global_step=4941 elapsed=3.1 min | loss=0.0101184, loss_epoch=0.0101184, loss_step=0.0181653, val/loss=0.0104914, val/loss_epoch=0.0104914

[val] epoch 62/100 global_step=5022 | val/loss=0.0194822, val/loss_epoch=0.0194822[val] epoch 62/100 global_step=5022 | val/loss=0.0194822, val/loss_epoch=0.0194822

[train] epoch 62/100 global_step=5022 elapsed=3.1 min | loss=0.0306822, loss_epoch=0.0306822, loss_step=0.0133847, val/loss=0.0194822, val/loss_epoch=0.0194822[train] epoch 62/100 global_step=5022 elapsed=3.1 min | loss=0.0306822, loss_epoch=0.0306822, loss_step=0.0133847, val/loss=0.0194822, val/loss_epoch=0.0194822

[val] epoch 63/100 global_step=5103 | val/loss=0.0142855, val/loss_epoch=0.0142855[val] epoch 63/100 global_step=5103 | val/loss=0.0142855, val/loss_epoch=0.0142855

[train] epoch 63/100 global_step=5103 elapsed=3.1 min | loss=0.01607, loss_epoch=0.01607, loss_step=0.0103739, val/loss=0.0142855, val/loss_epoch=0.0142855[train] epoch 63/100 global_step=5103 elapsed=3.1 min | loss=0.01607, loss_epoch=0.01607, loss_step=0.0103739, val/loss=0.0142855, val/loss_epoch=0.0142855

[val] epoch 64/100 global_step=5184 | val/loss=0.0124513, val/loss_epoch=0.0124513[val] epoch 64/100 global_step=5184 | val/loss=0.0124513, val/loss_epoch=0.0124513

[train] epoch 64/100 global_step=5184 elapsed=3.1 min | loss=0.0126167, loss_epoch=0.0126167, loss_step=0.0333828, val/loss=0.0124513, val/loss_epoch=0.0124513[train] epoch 64/100 global_step=5184 elapsed=3.1 min | loss=0.0126167, loss_epoch=0.0126167, loss_step=0.0333828, val/loss=0.0124513, val/loss_epoch=0.0124513

[val] epoch 65/100 global_step=5265 | val/loss=0.0117078, val/loss_epoch=0.0117078[val] epoch 65/100 global_step=5265 | val/loss=0.0117078, val/loss_epoch=0.0117078

[train] epoch 65/100 global_step=5265 elapsed=3.1 min | loss=0.0120523, loss_epoch=0.0120523, loss_step=0.00642771, val/loss=0.0117078, val/loss_epoch=0.0117078[train] epoch 65/100 global_step=5265 elapsed=3.1 min | loss=0.0120523, loss_epoch=0.0120523, loss_step=0.00642771, val/loss=0.0117078, val/loss_epoch=0.0117078

[val] epoch 66/100 global_step=5346 | val/loss=0.0113639, val/loss_epoch=0.0113639[val] epoch 66/100 global_step=5346 | val/loss=0.0113639, val/loss_epoch=0.0113639

[train] epoch 66/100 global_step=5346 elapsed=3.1 min | loss=0.0111241, loss_epoch=0.0111241, loss_step=0.0112861, val/loss=0.0113639, val/loss_epoch=0.0113639[train] epoch 66/100 global_step=5346 elapsed=3.1 min | loss=0.0111241, loss_epoch=0.0111241, loss_step=0.0112861, val/loss=0.0113639, val/loss_epoch=0.0113639

[val] epoch 67/100 global_step=5427 | val/loss=0.0109687, val/loss_epoch=0.0109687[val] epoch 67/100 global_step=5427 | val/loss=0.0109687, val/loss_epoch=0.0109687

[train] epoch 67/100 global_step=5427 elapsed=3.0 min | loss=0.0106833, loss_epoch=0.0106833, loss_step=0.00898844, val/loss=0.0109687, val/loss_epoch=0.0109687[train] epoch 67/100 global_step=5427 elapsed=3.0 min | loss=0.0106833, loss_epoch=0.0106833, loss_step=0.00898844, val/loss=0.0109687, val/loss_epoch=0.0109687

[val] epoch 68/100 global_step=5508 | val/loss=0.0107909, val/loss_epoch=0.0107909[val] epoch 68/100 global_step=5508 | val/loss=0.0107909, val/loss_epoch=0.0107909

[train] epoch 68/100 global_step=5508 elapsed=3.1 min | loss=0.0105459, loss_epoch=0.0105459, loss_step=0.0271929, val/loss=0.0107909, val/loss_epoch=0.0107909
[train] epoch 68/100 global_step=5508 elapsed=3.1 min | loss=0.0105459, loss_epoch=0.0105459, loss_step=0.0271929, val/loss=0.0107909, val/loss_epoch=0.0107909
[val] epoch 69/100 global_step=5589 | val/loss=0.0107546, val/loss_epoch=0.0107546[val] epoch 69/100 global_step=5589 | val/loss=0.0107546, val/loss_epoch=0.0107546

[train] epoch 69/100 global_step=5589 elapsed=3.1 min | loss=0.0103811, loss_epoch=0.0103811, loss_step=0.0246825, val/loss=0.0107546, val/loss_epoch=0.0107546[train] epoch 69/100 global_step=5589 elapsed=3.1 min | loss=0.0103811, loss_epoch=0.0103811, loss_step=0.0246825, val/loss=0.0107546, val/loss_epoch=0.0107546

[val] epoch 70/100 global_step=5670 | val/loss=0.0103413, val/loss_epoch=0.0103413[val] epoch 70/100 global_step=5670 | val/loss=0.0103413, val/loss_epoch=0.0103413

[train] epoch 70/100 global_step=5670 elapsed=3.1 min | loss=0.0100778, loss_epoch=0.0100778, loss_step=0.0286771, val/loss=0.0103413, val/loss_epoch=0.0103413
[train] epoch 70/100 global_step=5670 elapsed=3.1 min | loss=0.0100778, loss_epoch=0.0100778, loss_step=0.0286771, val/loss=0.0103413, val/loss_epoch=0.0103413
[val] epoch 71/100 global_step=5751 | val/loss=0.0102859, val/loss_epoch=0.0102859[val] epoch 71/100 global_step=5751 | val/loss=0.0102859, val/loss_epoch=0.0102859

[train] epoch 71/100 global_step=5751 elapsed=3.0 min | loss=0.0100977, loss_epoch=0.0100977, loss_step=0.0143304, val/loss=0.0102859, val/loss_epoch=0.0102859[train] epoch 71/100 global_step=5751 elapsed=3.0 min | loss=0.0100977, loss_epoch=0.0100977, loss_step=0.0143304, val/loss=0.0102859, val/loss_epoch=0.0102859

[val] epoch 72/100 global_step=5832 | val/loss=0.01047, val/loss_epoch=0.01047[val] epoch 72/100 global_step=5832 | val/loss=0.01047, val/loss_epoch=0.01047

[train] epoch 72/100 global_step=5832 elapsed=3.1 min | loss=0.0101317, loss_epoch=0.0101317, loss_step=0.0056783, val/loss=0.01047, val/loss_epoch=0.01047[train] epoch 72/100 global_step=5832 elapsed=3.1 min | loss=0.0101317, loss_epoch=0.0101317, loss_step=0.0056783, val/loss=0.01047, val/loss_epoch=0.01047

[val] epoch 73/100 global_step=5913 | val/loss=0.0100903, val/loss_epoch=0.0100903[val] epoch 73/100 global_step=5913 | val/loss=0.0100903, val/loss_epoch=0.0100903

[train] epoch 73/100 global_step=5913 elapsed=3.1 min | loss=0.00984813, loss_epoch=0.00984813, loss_step=0.00316976, val/loss=0.0100903, val/loss_epoch=0.0100903[train] epoch 73/100 global_step=5913 elapsed=3.1 min | loss=0.00984813, loss_epoch=0.00984813, loss_step=0.00316976, val/loss=0.0100903, val/loss_epoch=0.0100903

[val] epoch 74/100 global_step=5994 | val/loss=0.0100686, val/loss_epoch=0.0100686[val] epoch 74/100 global_step=5994 | val/loss=0.0100686, val/loss_epoch=0.0100686

[train] epoch 74/100 global_step=5994 elapsed=3.1 min | loss=0.0097413, loss_epoch=0.0097413, loss_step=0.00438506, val/loss=0.0100686, val/loss_epoch=0.0100686[train] epoch 74/100 global_step=5994 elapsed=3.1 min | loss=0.0097413, loss_epoch=0.0097413, loss_step=0.00438506, val/loss=0.0100686, val/loss_epoch=0.0100686

[val] epoch 75/100 global_step=6075 | val/loss=0.0100412, val/loss_epoch=0.0100412[val] epoch 75/100 global_step=6075 | val/loss=0.0100412, val/loss_epoch=0.0100412

[train] epoch 75/100 global_step=6075 elapsed=3.1 min | loss=0.00966952, loss_epoch=0.00966952, loss_step=0.0128741, val/loss=0.0100412, val/loss_epoch=0.0100412[train] epoch 75/100 global_step=6075 elapsed=3.1 min | loss=0.00966952, loss_epoch=0.00966952, loss_step=0.0128741, val/loss=0.0100412, val/loss_epoch=0.0100412

[val] epoch 76/100 global_step=6156 | val/loss=0.00992509, val/loss_epoch=0.00992509[val] epoch 76/100 global_step=6156 | val/loss=0.00992509, val/loss_epoch=0.00992509

[train] epoch 76/100 global_step=6156 elapsed=3.1 min | loss=0.00954881, loss_epoch=0.00954881, loss_step=0.0265724, val/loss=0.00992509, val/loss_epoch=0.00992509[train] epoch 76/100 global_step=6156 elapsed=3.1 min | loss=0.00954881, loss_epoch=0.00954881, loss_step=0.0265724, val/loss=0.00992509, val/loss_epoch=0.00992509

[val] epoch 77/100 global_step=6237 | val/loss=0.0100285, val/loss_epoch=0.0100285[val] epoch 77/100 global_step=6237 | val/loss=0.0100285, val/loss_epoch=0.0100285

[train] epoch 77/100 global_step=6237 elapsed=3.1 min | loss=0.00946218, loss_epoch=0.00946218, loss_step=0.0114887, val/loss=0.0100285, val/loss_epoch=0.0100285[train] epoch 77/100 global_step=6237 elapsed=3.1 min | loss=0.00946218, loss_epoch=0.00946218, loss_step=0.0114887, val/loss=0.0100285, val/loss_epoch=0.0100285

[val] epoch 78/100 global_step=6318 | val/loss=0.00962161, val/loss_epoch=0.00962161[val] epoch 78/100 global_step=6318 | val/loss=0.00962161, val/loss_epoch=0.00962161

[train] epoch 78/100 global_step=6318 elapsed=3.1 min | loss=0.00932205, loss_epoch=0.00932205, loss_step=0.0118049, val/loss=0.00962161, val/loss_epoch=0.00962161[train] epoch 78/100 global_step=6318 elapsed=3.1 min | loss=0.00932205, loss_epoch=0.00932205, loss_step=0.0118049, val/loss=0.00962161, val/loss_epoch=0.00962161

[val] epoch 79/100 global_step=6399 | val/loss=0.00945713, val/loss_epoch=0.00945713[val] epoch 79/100 global_step=6399 | val/loss=0.00945713, val/loss_epoch=0.00945713

[train] epoch 79/100 global_step=6399 elapsed=3.1 min | loss=0.00921074, loss_epoch=0.00921074, loss_step=0.0115175, val/loss=0.00945713, val/loss_epoch=0.00945713[train] epoch 79/100 global_step=6399 elapsed=3.1 min | loss=0.00921074, loss_epoch=0.00921074, loss_step=0.0115175, val/loss=0.00945713, val/loss_epoch=0.00945713

[val] epoch 80/100 global_step=6480 | val/loss=0.00956775, val/loss_epoch=0.00956775[val] epoch 80/100 global_step=6480 | val/loss=0.00956775, val/loss_epoch=0.00956775

[train] epoch 80/100 global_step=6480 elapsed=3.1 min | loss=0.00921161, loss_epoch=0.00921161, loss_step=0.00803056, val/loss=0.00956775, val/loss_epoch=0.00956775[train] epoch 80/100 global_step=6480 elapsed=3.1 min | loss=0.00921161, loss_epoch=0.00921161, loss_step=0.00803056, val/loss=0.00956775, val/loss_epoch=0.00956775

[val] epoch 81/100 global_step=6561 | val/loss=0.00998526, val/loss_epoch=0.00998526[val] epoch 81/100 global_step=6561 | val/loss=0.00998526, val/loss_epoch=0.00998526

[train] epoch 81/100 global_step=6561 elapsed=3.1 min | loss=0.00914385, loss_epoch=0.00914385, loss_step=0.0124571, val/loss=0.00998526, val/loss_epoch=0.00998526[train] epoch 81/100 global_step=6561 elapsed=3.1 min | loss=0.00914385, loss_epoch=0.00914385, loss_step=0.0124571, val/loss=0.00998526, val/loss_epoch=0.00998526

[val] epoch 82/100 global_step=6642 | val/loss=0.00957122, val/loss_epoch=0.00957122[val] epoch 82/100 global_step=6642 | val/loss=0.00957122, val/loss_epoch=0.00957122

[train] epoch 82/100 global_step=6642 elapsed=3.1 min | loss=0.00933731, loss_epoch=0.00933731, loss_step=0.00421628, val/loss=0.00957122, val/loss_epoch=0.00957122[train] epoch 82/100 global_step=6642 elapsed=3.1 min | loss=0.00933731, loss_epoch=0.00933731, loss_step=0.00421628, val/loss=0.00957122, val/loss_epoch=0.00957122

[val] epoch 83/100 global_step=6723 | val/loss=0.00970712, val/loss_epoch=0.00970712[val] epoch 83/100 global_step=6723 | val/loss=0.00970712, val/loss_epoch=0.00970712

[train] epoch 83/100 global_step=6723 elapsed=3.1 min | loss=0.00884224, loss_epoch=0.00884224, loss_step=0.00414346, val/loss=0.00970712, val/loss_epoch=0.00970712[train] epoch 83/100 global_step=6723 elapsed=3.1 min | loss=0.00884224, loss_epoch=0.00884224, loss_step=0.00414346, val/loss=0.00970712, val/loss_epoch=0.00970712

[val] epoch 84/100 global_step=6804 | val/loss=0.0091288, val/loss_epoch=0.0091288[val] epoch 84/100 global_step=6804 | val/loss=0.0091288, val/loss_epoch=0.0091288

[train] epoch 84/100 global_step=6804 elapsed=3.1 min | loss=0.00880457, loss_epoch=0.00880457, loss_step=0.00614347, val/loss=0.0091288, val/loss_epoch=0.0091288[train] epoch 84/100 global_step=6804 elapsed=3.1 min | loss=0.00880457, loss_epoch=0.00880457, loss_step=0.00614347, val/loss=0.0091288, val/loss_epoch=0.0091288

[val] epoch 85/100 global_step=6885 | val/loss=0.00954591, val/loss_epoch=0.00954591[val] epoch 85/100 global_step=6885 | val/loss=0.00954591, val/loss_epoch=0.00954591

[train] epoch 85/100 global_step=6885 elapsed=3.1 min | loss=0.00877811, loss_epoch=0.00877811, loss_step=0.00271449, val/loss=0.00954591, val/loss_epoch=0.00954591[train] epoch 85/100 global_step=6885 elapsed=3.1 min | loss=0.00877811, loss_epoch=0.00877811, loss_step=0.00271449, val/loss=0.00954591, val/loss_epoch=0.00954591

[val] epoch 86/100 global_step=6966 | val/loss=0.00910057, val/loss_epoch=0.00910057[val] epoch 86/100 global_step=6966 | val/loss=0.00910057, val/loss_epoch=0.00910057

[train] epoch 86/100 global_step=6966 elapsed=3.1 min | loss=0.00874134, loss_epoch=0.00874134, loss_step=0.0030065, val/loss=0.00910057, val/loss_epoch=0.00910057[train] epoch 86/100 global_step=6966 elapsed=3.1 min | loss=0.00874134, loss_epoch=0.00874134, loss_step=0.0030065, val/loss=0.00910057, val/loss_epoch=0.00910057

[val] epoch 87/100 global_step=7047 | val/loss=0.00895719, val/loss_epoch=0.00895719[val] epoch 87/100 global_step=7047 | val/loss=0.00895719, val/loss_epoch=0.00895719

[train] epoch 87/100 global_step=7047 elapsed=3.1 min | loss=0.00866882, loss_epoch=0.00866882, loss_step=0.0100878, val/loss=0.00895719, val/loss_epoch=0.00895719[train] epoch 87/100 global_step=7047 elapsed=3.1 min | loss=0.00866882, loss_epoch=0.00866882, loss_step=0.0100878, val/loss=0.00895719, val/loss_epoch=0.00895719

[val] epoch 88/100 global_step=7128 | val/loss=0.00943451, val/loss_epoch=0.00943451[val] epoch 88/100 global_step=7128 | val/loss=0.00943451, val/loss_epoch=0.00943451

[train] epoch 88/100 global_step=7128 elapsed=3.1 min | loss=0.00912379, loss_epoch=0.00912379, loss_step=0.00523877, val/loss=0.00943451, val/loss_epoch=0.00943451
[train] epoch 88/100 global_step=7128 elapsed=3.1 min | loss=0.00912379, loss_epoch=0.00912379, loss_step=0.00523877, val/loss=0.00943451, val/loss_epoch=0.00943451
[val] epoch 89/100 global_step=7209 | val/loss=0.00872048, val/loss_epoch=0.00872048[val] epoch 89/100 global_step=7209 | val/loss=0.00872048, val/loss_epoch=0.00872048

[train] epoch 89/100 global_step=7209 elapsed=3.1 min | loss=0.00857219, loss_epoch=0.00857219, loss_step=0.00418381, val/loss=0.00872048, val/loss_epoch=0.00872048[train] epoch 89/100 global_step=7209 elapsed=3.1 min | loss=0.00857219, loss_epoch=0.00857219, loss_step=0.00418381, val/loss=0.00872048, val/loss_epoch=0.00872048

[val] epoch 90/100 global_step=7290 | val/loss=0.00926296, val/loss_epoch=0.00926296[val] epoch 90/100 global_step=7290 | val/loss=0.00926296, val/loss_epoch=0.00926296

[train] epoch 90/100 global_step=7290 elapsed=3.1 min | loss=0.00830116, loss_epoch=0.00830116, loss_step=0.00339794, val/loss=0.00926296, val/loss_epoch=0.00926296[train] epoch 90/100 global_step=7290 elapsed=3.1 min | loss=0.00830116, loss_epoch=0.00830116, loss_step=0.00339794, val/loss=0.00926296, val/loss_epoch=0.00926296

[val] epoch 91/100 global_step=7371 | val/loss=0.00861113, val/loss_epoch=0.00861113[val] epoch 91/100 global_step=7371 | val/loss=0.00861113, val/loss_epoch=0.00861113

[train] epoch 91/100 global_step=7371 elapsed=3.0 min | loss=0.00835338, loss_epoch=0.00835338, loss_step=0.00988946, val/loss=0.00861113, val/loss_epoch=0.00861113[train] epoch 91/100 global_step=7371 elapsed=3.0 min | loss=0.00835338, loss_epoch=0.00835338, loss_step=0.00988946, val/loss=0.00861113, val/loss_epoch=0.00861113

[val] epoch 92/100 global_step=7452 | val/loss=0.00863864, val/loss_epoch=0.00863864[val] epoch 92/100 global_step=7452 | val/loss=0.00863864, val/loss_epoch=0.00863864

[train] epoch 92/100 global_step=7452 elapsed=3.1 min | loss=0.0081959, loss_epoch=0.0081959, loss_step=0.00575046, val/loss=0.00863864, val/loss_epoch=0.00863864[train] epoch 92/100 global_step=7452 elapsed=3.1 min | loss=0.0081959, loss_epoch=0.0081959, loss_step=0.00575046, val/loss=0.00863864, val/loss_epoch=0.00863864

[val] epoch 93/100 global_step=7533 | val/loss=0.0085872, val/loss_epoch=0.0085872[val] epoch 93/100 global_step=7533 | val/loss=0.0085872, val/loss_epoch=0.0085872

[train] epoch 93/100 global_step=7533 elapsed=3.1 min | loss=0.00825653, loss_epoch=0.00825653, loss_step=0.00463969, val/loss=0.0085872, val/loss_epoch=0.0085872[train] epoch 93/100 global_step=7533 elapsed=3.1 min | loss=0.00825653, loss_epoch=0.00825653, loss_step=0.00463969, val/loss=0.0085872, val/loss_epoch=0.0085872

[val] epoch 94/100 global_step=7614 | val/loss=0.00913033, val/loss_epoch=0.00913033[val] epoch 94/100 global_step=7614 | val/loss=0.00913033, val/loss_epoch=0.00913033

[train] epoch 94/100 global_step=7614 elapsed=3.1 min | loss=0.00832972, loss_epoch=0.00832972, loss_step=0.0142851, val/loss=0.00913033, val/loss_epoch=0.00913033[train] epoch 94/100 global_step=7614 elapsed=3.1 min | loss=0.00832972, loss_epoch=0.00832972, loss_step=0.0142851, val/loss=0.00913033, val/loss_epoch=0.00913033

[val] epoch 95/100 global_step=7695 | val/loss=0.00876952, val/loss_epoch=0.00876952[val] epoch 95/100 global_step=7695 | val/loss=0.00876952, val/loss_epoch=0.00876952

[train] epoch 95/100 global_step=7695 elapsed=3.0 min | loss=0.0085952, loss_epoch=0.0085952, loss_step=0.00621988, val/loss=0.00876952, val/loss_epoch=0.00876952[train] epoch 95/100 global_step=7695 elapsed=3.0 min | loss=0.0085952, loss_epoch=0.0085952, loss_step=0.00621988, val/loss=0.00876952, val/loss_epoch=0.00876952

[val] epoch 96/100 global_step=7776 | val/loss=0.00855094, val/loss_epoch=0.00855094[val] epoch 96/100 global_step=7776 | val/loss=0.00855094, val/loss_epoch=0.00855094

[train] epoch 96/100 global_step=7776 elapsed=3.1 min | loss=0.0081234, loss_epoch=0.0081234, loss_step=0.0160596, val/loss=0.00855094, val/loss_epoch=0.00855094[train] epoch 96/100 global_step=7776 elapsed=3.1 min | loss=0.0081234, loss_epoch=0.0081234, loss_step=0.0160596, val/loss=0.00855094, val/loss_epoch=0.00855094

[val] epoch 97/100 global_step=7857 | val/loss=0.00829555, val/loss_epoch=0.00829555[val] epoch 97/100 global_step=7857 | val/loss=0.00829555, val/loss_epoch=0.00829555

[train] epoch 97/100 global_step=7857 elapsed=3.0 min | loss=0.00776629, loss_epoch=0.00776629, loss_step=0.00780146, val/loss=0.00829555, val/loss_epoch=0.00829555[train] epoch 97/100 global_step=7857 elapsed=3.0 min | loss=0.00776629, loss_epoch=0.00776629, loss_step=0.00780146, val/loss=0.00829555, val/loss_epoch=0.00829555

[val] epoch 98/100 global_step=7938 | val/loss=0.00877318, val/loss_epoch=0.00877318[val] epoch 98/100 global_step=7938 | val/loss=0.00877318, val/loss_epoch=0.00877318

[train] epoch 98/100 global_step=7938 elapsed=3.0 min | loss=0.00764675, loss_epoch=0.00764675, loss_step=0.006036, val/loss=0.00877318, val/loss_epoch=0.00877318[train] epoch 98/100 global_step=7938 elapsed=3.0 min | loss=0.00764675, loss_epoch=0.00764675, loss_step=0.006036, val/loss=0.00877318, val/loss_epoch=0.00877318

[val] epoch 99/100 global_step=8019 | val/loss=0.00958745, val/loss_epoch=0.00958745[val] epoch 99/100 global_step=8019 | val/loss=0.00958745, val/loss_epoch=0.00958745

[train] epoch 99/100 global_step=8019 elapsed=3.1 min | loss=0.00804228, loss_epoch=0.00804228, loss_step=0.00711551, val/loss=0.00958745, val/loss_epoch=0.00958745[train] epoch 99/100 global_step=8019 elapsed=3.1 min | loss=0.00804228, loss_epoch=0.00804228, loss_step=0.00711551, val/loss=0.00958745, val/loss_epoch=0.00958745

[val] epoch 100/100 global_step=8100 | val/loss=0.00816792, val/loss_epoch=0.00816792[val] epoch 100/100 global_step=8100 | val/loss=0.00816792, val/loss_epoch=0.00816792

[train] epoch 100/100 global_step=8100 elapsed=3.1 min | loss=0.00777, loss_epoch=0.00777, loss_step=0.0151647, val/loss=0.00816792, val/loss_epoch=0.00816792[train] epoch 100/100 global_step=8100 elapsed=3.1 min | loss=0.00777, loss_epoch=0.00777, loss_step=0.0151647, val/loss=0.00816792, val/loss_epoch=0.00816792

`Trainer.fit` stopped: `max_epochs=100` reached.
LOCAL_RANK: 0 - CUDA_VISIBLE_DEVICES: [0,1]
LOCAL_RANK: 1 - CUDA_VISIBLE_DEVICES: [0,1]
/home/yifeiliu/venv/lib/python3.12/site-packages/lightning/pytorch/trainer/connectors/data_connector.py:217: Using `DistributedSampler` with the dataloaders. During `trainer.validate()`, it is recommended to use `Trainer(devices=1, num_nodes=1)` to ensure each sample/batch gets evaluated exactly once. Otherwise, multi-device settings use `DistributedSampler` that replicates some samples to make sure all devices have same batch size in case of uneven inputs.
[val] epoch 101/100 global_step=8100 | val/loss=0.00816792, val/loss_epoch=0.00816792[val] epoch 101/100 global_step=8100 | val/loss=0.00816792, val/loss_epoch=0.00816792

last checkpoint: /home/yifeiliu/working/runs_v2/pdes_vittt-cacheoff_128_60sims/checkpoints/last.ckpt
best checkpoints: last checkpoint: /home/yifeiliu/working/runs_v2/pdes_vittt-cacheoff_128_60sims/checkpoints/last.ckpt
best checkpoints: {'/home/yifeiliu/working/runs_v2/pdes_vittt-cacheoff_128_60sims/checkpoints/epoch-epoch=095.ckpt': tensor(0.0086, device='cuda:0'), '/home/yifeiliu/working/runs_v2/pdes_vittt-cacheoff_128_60sims/checkpoints/epoch-epoch=096.ckpt': tensor(0.0083, device='cuda:0'), '/home/yifeiliu/working/runs_v2/pdes_vittt-cacheoff_128_60sims/checkpoints/epoch-epoch=099.ckpt': tensor(0.0082, device='cuda:0')}
validation: [{'val/loss_epoch': 0.008167922496795654}]

DIR: /home/yifeiliu/working/runs_v2/pdes_vittt-cacheoff_128_60sims/checkpoints
  epoch-epoch=095.ckpt | 426.5 MB
  epoch-epoch=096.ckpt | 426.5 MB
  epoch-epoch=099.ckpt | 426.5 MB
  last.ckpt | 426.5 MB

DIR: /home/yifeiliu/working/runs_v2/train_once/checkpoints
  not found

DIR: /home/yifeiliu/working/runs_v2/inference_cache_off/checkpoints
  not found

DIR: /home/yifeiliu/working/runs_v2/inference_cache_on/checkpoints
  not found

DIR: /home/yifeiliu/server_06_vittt/lightning_logs/version_0/checkpoints
  not found

DIR: /home/yifeiliu/server_06_vittt/lightning_logs/version_1/checkpoints
  not found

=== Evaluating inference_cache_off ===
{'/home/yifeiliu/working/runs_v2/pdes_vittt-cacheoff_128_60sims/checkpoints/epoch-epoch=095.ckpt': tensor(0.0086, device='cuda:1'), '/home/yifeiliu/working/runs_v2/pdes_vittt-cacheoff_128_60sims/checkpoints/epoch-epoch=096.ckpt': tensor(0.0083, device='cuda:1'), '/home/yifeiliu/working/runs_v2/pdes_vittt-cacheoff_128_60sims/checkpoints/epoch-epoch=099.ckpt': tensor(0.0082, device='cuda:1')}
validation: [{'val/loss_epoch': 0.008167922496795654}]

DIR: /home/yifeiliu/working/runs_v2/pdes_vittt-cacheoff_128_60sims/checkpoints
  epoch-epoch=095.ckpt | 426.5 MB
  epoch-epoch=096.ckpt | 426.5 MB
  epoch-epoch=099.ckpt | 426.5 MB
  last.ckpt | 426.5 MB

DIR: /home/yifeiliu/working/runs_v2/train_once/checkpoints
  not found

DIR: /home/yifeiliu/working/runs_v2/inference_cache_off/checkpoints
  not found

DIR: /home/yifeiliu/working/runs_v2/inference_cache_on/checkpoints
  not found

DIR: /home/yifeiliu/server_06_vittt/lightning_logs/version_0/checkpoints
  not found

DIR: /home/yifeiliu/server_06_vittt/lightning_logs/version_1/checkpoints
  not found

=== Evaluating inference_cache_off ===
  0%|          | 0/28 [00:00<?, ?it/s]  7%|▋         | 2/28 [00:00<00:02, 12.53it/s] 14%|█▍        | 4/28 [00:00<00:01, 12.81it/s] 21%|██▏       | 6/28 [00:00<00:01, 13.21it/s] 29%|██▊       | 8/28 [00:00<00:01, 13.53it/s] 36%|███▌      | 10/28 [00:00<00:01, 13.82it/s] 43%|████▎     | 12/28 [00:00<00:01, 13.98it/s] 50%|█████     | 14/28 [00:01<00:00, 14.07it/s] 57%|█████▋    | 16/28 [00:01<00:00, 14.17it/s] 64%|██████▍   | 18/28 [00:01<00:00, 14.23it/s] 71%|███████▏  | 20/28 [00:01<00:00, 14.21it/s]  0%|          | 0/28 [00:00<?, ?it/s] 79%|███████▊  | 22/28 [00:01<00:00, 14.10it/s] 86%|████████▌ | 24/28 [00:01<00:00, 13.13it/s]  4%|▎         | 1/28 [00:00<00:05,  4.64it/s]  7%|▋         | 2/28 [00:00<00:03,  6.54it/s] 93%|█████████▎| 26/28 [00:01<00:00, 12.13it/s] 11%|█         | 3/28 [00:00<00:03,  7.75it/s]100%|██████████| 28/28 [00:02<00:00, 11.24it/s]100%|██████████| 28/28 [00:02<00:00, 12.95it/s]
 18%|█▊        | 5/28 [00:00<00:02,  8.96it/s]{
  "name": "inference_cache_off",
  "checkpoint": "/home/yifeiliu/working/runs_v2/pdes_vittt-cacheoff_128_60sims/checkpoints/last.ckpt",
  "max_epochs": 100,
  "val_metrics": [
    {
      "val/loss_epoch": 0.008167922496795654
    }
  ],
  "use_ttt_state_cache_inference": false,
  "use_ttt_state_cache_train": false,
  "prediction_shape": [
    8,
    29,
    2,
    128,
    128
  ],
  "reference_shape": [
    8,
    29,
    2,
    128,
    128
  ],
  "rollout_mse": 0.019213475286960602
}
cache off rollout mse: 0.019213475286960602
prediction shape: (8, 29, 2, 128, 128)
 25%|██▌       | 7/28 [00:00<00:01, 10.62it/s] 32%|███▏      | 9/28 [00:00<00:01, 11.70it/s] 39%|███▉      | 11/28 [00:01<00:01, 12.45it/s] 46%|████▋     | 13/28 [00:01<00:01, 12.98it/s] 54%|█████▎    | 15/28 [00:01<00:00, 13.33it/s] 61%|██████    | 17/28 [00:01<00:00, 13.53it/s] 68%|██████▊   | 19/28 [00:01<00:00, 13.65it/s] 75%|███████▌  | 21/28 [00:01<00:00, 13.72it/s] 82%|████████▏ | 23/28 [00:01<00:00, 13.78it/s] 89%|████████▉ | 25/28 [00:02<00:00, 13.81it/s] 96%|█████████▋| 27/28 [00:02<00:00, 13.84it/s]100%|██████████| 28/28 [00:02<00:00, 12.33it/s]
{
  "name": "inference_cache_off",
  "checkpoint": "/home/yifeiliu/working/runs_v2/pdes_vittt-cacheoff_128_60sims/checkpoints/last.ckpt",
  "max_epochs": 100,
  "val_metrics": [
    {
      "val/loss_epoch": 0.008167922496795654
    }
  ],
  "use_ttt_state_cache_inference": false,
  "use_ttt_state_cache_train": false,
  "prediction_shape": [
    8,
    29,
    2,
    128,
    128
  ],
  "reference_shape": [
    8,
    29,
    2,
    128,
    128
  ],
  "rollout_mse": 1.0669339895248413
}
cache off rollout mse: 1.0669339895248413
prediction shape: (8, 29, 2, 128, 128)
[end] 2026-07-02T03:19:03+02:00 exit_code=0
